[[1;34mINFO[m] Scanning for projects...
[[1;34mINFO[m] 
[[1;34mINFO[m] [1m------------< [0;36mio.github.hiwepy:jpush-spring-boot-starter[0;1m >-------------[m
[[1;34mINFO[m] [1mBuilding io.github.hiwepy:jpush-spring-boot-starter 2.3.x.20240823.RELEASE[m
[[1;34mINFO[m] [1m--------------------------------[ jar ]---------------------------------[m
Downloading from aiban-tianyin-core: https://aiban-maven.pkg.coding.net/repository/tianyin/core/cn/jpush/api/jpush-client/3.7.7/jpush-client-3.7.7.pom
Downloaded from aiban-tianyin-core: https://aiban-maven.pkg.coding.net/repository/tianyin/core/cn/jpush/api/jpush-client/3.7.7/jpush-client-3.7.7.pom (0 B at 0 B/s)
Downloading from aiban-tianyin-core: https://aiban-maven.pkg.coding.net/repository/tianyin/core/cn/jpush/api/jiguang-common/1.2.7/jiguang-common-1.2.7.pom
Downloaded from aiban-tianyin-core: https://aiban-maven.pkg.coding.net/repository/tianyin/core/cn/jpush/api/jiguang-common/1.2.7/jiguang-common-1.2.7.pom (0 B at 0 B/s)
Downloading from aiban-tianyin-core: https://aiban-maven.pkg.coding.net/repository/tianyin/core/org/bouncycastle/bcprov-jdk15on/1.60/bcprov-jdk15on-1.60.pom
Downloaded from aiban-tianyin-core: https://aiban-maven.pkg.coding.net/repository/tianyin/core/org/bouncycastle/bcprov-jdk15on/1.60/bcprov-jdk15on-1.60.pom (0 B at 0 B/s)
Downloading from aiban-tianyin-core: https://aiban-maven.pkg.coding.net/repository/tianyin/core/org/bouncycastle/bcpkix-jdk15on/1.60/bcpkix-jdk15on-1.60.pom
Downloaded from aiban-tianyin-core: https://aiban-maven.pkg.coding.net/repository/tianyin/core/org/bouncycastle/bcpkix-jdk15on/1.60/bcpkix-jdk15on-1.60.pom (0 B at 0 B/s)
Downloading from aiban-tianyin-core: https://aiban-maven.pkg.coding.net/repository/tianyin/core/cn/jpush/api/jpush-client/3.7.7/jpush-client-3.7.7.jar
Downloading from aiban-tianyin-core: https://aiban-maven.pkg.coding.net/repository/tianyin/core/cn/jpush/api/jiguang-common/1.2.7/jiguang-common-1.2.7.jar
Downloading from aiban-tianyin-core: https://aiban-maven.pkg.coding.net/repository/tianyin/core/org/bouncycastle/bcprov-jdk15on/1.60/bcprov-jdk15on-1.60.jar
Downloading from aiban-tianyin-core: https://aiban-maven.pkg.coding.net/repository/tianyin/core/org/bouncycastle/bcpkix-jdk15on/1.60/bcpkix-jdk15on-1.60.jar
Downloaded from aiban-tianyin-core: https://aiban-maven.pkg.coding.net/repository/tianyin/core/org/bouncycastle/bcpkix-jdk15on/1.60/bcpkix-jdk15on-1.60.jar (0 B at 0 B/s)
Downloaded from aiban-tianyin-core: https://aiban-maven.pkg.coding.net/repository/tianyin/core/cn/jpush/api/jiguang-common/1.2.7/jiguang-common-1.2.7.jar (0 B at 0 B/s)
Progress (1): 4.1 kB
Progress (1): 8.2 kB
Progress (1): 11 kB 
Progress (1): 14 kB
Progress (1): 17 kB
Progress (1): 19 kB
Progress (1): 22 kB
Progress (1): 26 kB
Progress (1): 29 kB
Progress (1): 33 kB
Progress (1): 36 kB
Progress (1): 39 kB
Progress (1): 42 kB
Progress (1): 46 kB
Progress (1): 50 kB
Progress (1): 54 kB
Progress (1): 57 kB
Progress (1): 59 kB
Progress (1): 61 kB
Progress (1): 66 kB
Progress (1): 70 kB
Progress (1): 74 kB
Progress (1): 78 kB
Progress (1): 82 kB
Progress (1): 86 kB
Progress (1): 90 kB
Progress (1): 94 kB
Progress (1): 98 kB
Progress (1): 102 kB
Progress (1): 106 kB
Progress (1): 110 kB
Progress (1): 113 kB
Progress (1): 117 kB
Progress (1): 122 kB
Progress (1): 125 kB
Progress (1): 127 kB
Progress (1): 129 kB
Progress (1): 133 kB
Progress (1): 137 kB
Progress (1): 141 kB
Progress (1): 145 kB
Progress (1): 149 kB
Progress (1): 154 kB
Progress (1): 158 kB
Progress (1): 162 kB
Progress (1): 166 kB
Progress (1): 170 kB
Progress (1): 174 kB
Progress (1): 178 kB
Progress (1): 182 kB
Progress (1): 186 kB
Progress (1): 190 kB
Progress (1): 195 kB
Progress (1): 199 kB
Progress (1): 203 kB
Progress (1): 207 kB
Progress (1): 211 kB
Progress (1): 215 kB
Progress (1): 219 kB
Progress (1): 223 kB
Progress (1): 227 kB
Progress (1): 231 kB
Progress (1): 235 kB
Progress (1): 240 kB
Progress (1): 244 kB
Progress (1): 248 kB
Progress (1): 252 kB
Progress (1): 256 kB
Progress (1): 260 kB
Progress (1): 264 kB
Progress (1): 268 kB
Progress (1): 272 kB
Progress (1): 276 kB
Progress (1): 281 kB
Progress (1): 285 kB
Progress (1): 289 kB
Progress (1): 293 kB
Progress (1): 297 kB
Progress (1): 301 kB
Progress (1): 305 kB
Progress (1): 309 kB
Progress (1): 313 kB
Progress (1): 317 kB
Progress (1): 322 kB
Progress (1): 326 kB
Progress (1): 330 kB
Progress (1): 334 kB
Progress (1): 338 kB
Progress (1): 342 kB
Progress (1): 346 kB
Progress (1): 350 kB
Progress (1): 354 kB
Progress (1): 358 kB
Progress (1): 362 kB
Progress (1): 367 kB
Progress (1): 371 kB
Progress (1): 375 kB
Progress (1): 379 kB
Progress (1): 383 kB
Progress (1): 387 kB
Progress (1): 391 kB
Progress (1): 395 kB
Progress (1): 399 kB
Progress (1): 403 kB
Progress (1): 408 kB
Progress (1): 412 kB
Progress (1): 416 kB
Progress (1): 420 kB
Progress (1): 424 kB
Progress (1): 428 kB
Progress (1): 432 kB
Progress (1): 436 kB
Progress (1): 440 kB
Progress (1): 444 kB
Progress (1): 448 kB
Progress (1): 453 kB
Progress (1): 457 kB
Progress (1): 461 kB
Progress (1): 465 kB
Progress (1): 469 kB
Progress (1): 473 kB
Progress (1): 477 kB
Progress (1): 481 kB
Progress (1): 485 kB
Progress (1): 489 kB
Progress (1): 494 kB
Progress (1): 498 kB
Progress (1): 502 kB
Progress (1): 506 kB
Progress (1): 510 kB
Progress (1): 514 kB
Progress (1): 518 kB
Progress (1): 522 kB
Progress (1): 526 kB
Progress (1): 530 kB
Progress (1): 535 kB
Progress (1): 539 kB
Progress (1): 543 kB
Progress (1): 547 kB
Progress (1): 551 kB
Progress (1): 555 kB
Progress (1): 559 kB
Progress (1): 563 kB
Progress (1): 567 kB
Progress (1): 571 kB
Progress (1): 575 kB
Progress (1): 580 kB
Progress (1): 584 kB
Progress (1): 588 kB
Progress (1): 592 kB
Progress (1): 596 kB
Progress (1): 600 kB
Progress (1): 604 kB
Progress (1): 608 kB
Progress (1): 612 kB
Progress (1): 616 kB
Progress (1): 621 kB
Progress (1): 625 kB
Progress (1): 629 kB
Progress (1): 633 kB
Progress (1): 637 kB
Progress (1): 641 kB
Progress (1): 645 kB
Progress (1): 649 kB
Progress (1): 653 kB
Progress (1): 657 kB
Progress (1): 661 kB
Progress (1): 666 kB
Progress (1): 670 kB
Progress (1): 674 kB
Progress (1): 678 kB
Progress (1): 682 kB
Progress (1): 686 kB
Progress (1): 690 kB
Progress (1): 694 kB
Progress (1): 698 kB
Progress (1): 702 kB
Progress (1): 707 kB
Progress (1): 711 kB
Progress (1): 715 kB
Progress (1): 719 kB
Progress (1): 723 kB
Progress (1): 727 kB
Progress (1): 731 kB
Progress (1): 735 kB
Progress (1): 739 kB
Progress (1): 743 kB
Progress (1): 747 kB
Progress (1): 752 kB
Progress (1): 756 kB
Progress (1): 760 kB
Progress (1): 764 kB
Progress (1): 768 kB
Progress (1): 772 kB
Progress (1): 776 kB
Progress (1): 780 kB
Progress (1): 784 kB
Progress (1): 788 kB
Progress (1): 793 kB
Progress (1): 797 kB
Progress (1): 801 kB
Progress (1): 805 kB
Progress (1): 809 kB
Progress (1): 813 kB
Progress (1): 817 kB
Progress (1): 821 kB
Progress (1): 825 kB
Progress (1): 829 kB
Progress (1): 834 kB
Progress (1): 838 kB
Progress (1): 842 kB
Progress (1): 846 kB
Progress (1): 850 kB
Progress (1): 854 kB
Progress (1): 858 kB
Progress (1): 862 kB
Progress (1): 866 kB
Progress (1): 870 kB
Progress (1): 874 kB
Progress (1): 879 kB
Progress (1): 883 kB
Progress (1): 887 kB
Progress (1): 891 kB
Progress (1): 895 kB
Progress (1): 899 kB
Progress (1): 903 kB
Progress (1): 907 kB
Progress (1): 911 kB
Progress (1): 915 kB
Progress (1): 920 kB
Progress (1): 924 kB
Progress (1): 928 kB
Progress (1): 932 kB
Progress (1): 936 kB
Progress (1): 940 kB
Progress (1): 944 kB
Progress (1): 948 kB
Progress (1): 952 kB
Progress (1): 956 kB
Progress (1): 960 kB
Progress (1): 965 kB
Progress (1): 969 kB
Progress (1): 973 kB
Progress (1): 977 kB
Progress (1): 981 kB
Progress (1): 985 kB
Progress (1): 989 kB
Progress (1): 993 kB
Progress (1): 997 kB
Progress (1): 1.0 MB
Progress (1): 1.0 MB
Progress (1): 1.0 MB
Progress (1): 1.0 MB
Progress (1): 1.0 MB
Progress (1): 1.0 MB
Progress (1): 1.0 MB
Progress (1): 1.0 MB
Progress (1): 1.0 MB
Progress (1): 1.0 MB
Progress (1): 1.0 MB
Progress (1): 1.0 MB
Progress (1): 1.1 MB
Progress (1): 1.1 MB
Progress (1): 1.1 MB
Progress (1): 1.1 MB
Progress (1): 1.1 MB
Progress (1): 1.1 MB
Progress (1): 1.1 MB
Progress (1): 1.1 MB
Progress (1): 1.1 MB
Progress (1): 1.1 MB
Progress (1): 1.1 MB
Progress (1): 1.1 MB
Progress (1): 1.1 MB
Progress (1): 1.1 MB
Progress (1): 1.1 MB
Progress (1): 1.1 MB
Progress (1): 1.1 MB
Progress (1): 1.1 MB
Progress (1): 1.1 MB
Progress (1): 1.1 MB
Progress (1): 1.1 MB
Progress (1): 1.1 MB
Progress (1): 1.1 MB
Progress (1): 1.1 MB
Progress (1): 1.1 MB
Progress (1): 1.2 MB
Progress (1): 1.2 MB
Progress (1): 1.2 MB
Progress (1): 1.2 MB
Progress (1): 1.2 MB
Progress (1): 1.2 MB
Progress (1): 1.2 MB
Progress (1): 1.2 MB
Progress (1): 1.2 MB
Progress (1): 1.2 MB
Progress (1): 1.2 MB
Progress (1): 1.2 MB
Progress (1): 1.2 MB
Progress (1): 1.2 MB
Progress (1): 1.2 MB
Progress (1): 1.2 MB
Progress (1): 1.2 MB
Progress (1): 1.2 MB
Progress (1): 1.2 MB
Progress (1): 1.2 MB
Progress (1): 1.2 MB
Progress (1): 1.2 MB
Progress (1): 1.2 MB
Progress (1): 1.2 MB
Progress (1): 1.3 MB
Progress (1): 1.3 MB
Progress (1): 1.3 MB
Progress (1): 1.3 MB
Progress (1): 1.3 MB
Progress (1): 1.3 MB
Progress (1): 1.3 MB
Progress (1): 1.3 MB
Progress (1): 1.3 MB
Progress (1): 1.3 MB
Progress (1): 1.3 MB
Progress (1): 1.3 MB
Progress (1): 1.3 MB
Progress (1): 1.3 MB
Progress (1): 1.3 MB
Progress (1): 1.3 MB
Progress (1): 1.3 MB
Progress (1): 1.3 MB
Progress (1): 1.3 MB
Progress (1): 1.3 MB
Progress (1): 1.3 MB
Progress (1): 1.3 MB
Progress (1): 1.3 MB
Progress (1): 1.3 MB
Progress (1): 1.3 MB
Progress (1): 1.4 MB
Progress (1): 1.4 MB
Progress (1): 1.4 MB
Progress (1): 1.4 MB
Progress (1): 1.4 MB
Progress (1): 1.4 MB
Progress (1): 1.4 MB
Progress (1): 1.4 MB
Progress (1): 1.4 MB
Progress (1): 1.4 MB
Progress (1): 1.4 MB
Progress (1): 1.4 MB
Progress (1): 1.4 MB
Progress (1): 1.4 MB
Progress (1): 1.4 MB
Progress (1): 1.4 MB
Progress (1): 1.4 MB
Progress (1): 1.4 MB
Progress (1): 1.4 MB
Progress (1): 1.4 MB
Progress (1): 1.4 MB
Progress (1): 1.4 MB
Progress (1): 1.4 MB
Progress (1): 1.4 MB
Progress (1): 1.4 MB
Progress (1): 1.5 MB
Progress (1): 1.5 MB
Progress (1): 1.5 MB
Progress (1): 1.5 MB
Progress (1): 1.5 MB
Progress (1): 1.5 MB
Progress (1): 1.5 MB
Progress (1): 1.5 MB
Progress (1): 1.5 MB
Progress (1): 1.5 MB
Progress (1): 1.5 MB
Progress (1): 1.5 MB
Progress (1): 1.5 MB
Progress (1): 1.5 MB
Progress (1): 1.5 MB
Progress (1): 1.5 MB
Progress (1): 1.5 MB
Progress (1): 1.5 MB
Progress (1): 1.5 MB
Progress (1): 1.5 MB
Progress (1): 1.5 MB
Progress (1): 1.5 MB
Progress (1): 1.5 MB
Progress (1): 1.5 MB
Progress (1): 1.5 MB
Progress (1): 1.6 MB
Progress (1): 1.6 MB
Progress (1): 1.6 MB
Progress (1): 1.6 MB
Progress (1): 1.6 MB
Progress (1): 1.6 MB
Progress (1): 1.6 MB
Progress (1): 1.6 MB
Progress (1): 1.6 MB
Progress (1): 1.6 MB
Progress (1): 1.6 MB
Progress (1): 1.6 MB
Progress (1): 1.6 MB
Progress (1): 1.6 MB
Progress (1): 1.6 MB
Progress (1): 1.6 MB
Progress (1): 1.6 MB
Progress (1): 1.6 MB
Progress (1): 1.6 MB
Progress (1): 1.6 MB
Progress (1): 1.6 MB
Progress (1): 1.6 MB
Progress (1): 1.6 MB
Progress (1): 1.6 MB
Progress (1): 1.6 MB
Progress (1): 1.7 MB
Progress (1): 1.7 MB
Progress (1): 1.7 MB
Progress (1): 1.7 MB
Progress (1): 1.7 MB
Progress (1): 1.7 MB
Progress (1): 1.7 MB
Progress (1): 1.7 MB
Progress (1): 1.7 MB
Progress (1): 1.7 MB
Progress (1): 1.7 MB
Progress (1): 1.7 MB
Progress (1): 1.7 MB
Progress (1): 1.7 MB
Progress (1): 1.7 MB
Progress (1): 1.7 MB
Progress (1): 1.7 MB
Progress (1): 1.7 MB
Progress (1): 1.7 MB
Progress (1): 1.7 MB
Progress (1): 1.7 MB
Progress (1): 1.7 MB
Progress (1): 1.7 MB
Progress (1): 1.7 MB
Progress (1): 1.7 MB
Progress (1): 1.8 MB
Progress (1): 1.8 MB
Progress (1): 1.8 MB
Progress (1): 1.8 MB
Progress (1): 1.8 MB
Progress (1): 1.8 MB
Progress (1): 1.8 MB
Progress (1): 1.8 MB
Progress (1): 1.8 MB
Progress (1): 1.8 MB
Progress (1): 1.8 MB
Progress (1): 1.8 MB
Progress (1): 1.8 MB
Progress (1): 1.8 MB
Progress (1): 1.8 MB
Progress (1): 1.8 MB
Progress (1): 1.8 MB
Progress (1): 1.8 MB
Progress (1): 1.8 MB
Progress (1): 1.8 MB
Progress (1): 1.8 MB
Progress (1): 1.8 MB
Progress (1): 1.8 MB
Progress (1): 1.8 MB
Progress (1): 1.8 MB
Progress (1): 1.9 MB
Progress (1): 1.9 MB
Progress (1): 1.9 MB
Progress (1): 1.9 MB
Progress (1): 1.9 MB
Progress (1): 1.9 MB
Progress (1): 1.9 MB
Progress (1): 1.9 MB
Progress (1): 1.9 MB
Progress (1): 1.9 MB
Progress (1): 1.9 MB
Progress (1): 1.9 MB
Progress (1): 1.9 MB
Progress (1): 1.9 MB
Progress (1): 1.9 MB
Progress (1): 1.9 MB
Progress (1): 1.9 MB
Progress (1): 1.9 MB
Progress (1): 1.9 MB
Progress (1): 1.9 MB
Progress (1): 1.9 MB
Progress (1): 1.9 MB
Progress (1): 1.9 MB
Progress (1): 1.9 MB
Progress (1): 2.0 MB
Progress (1): 2.0 MB
Progress (1): 2.0 MB
Progress (1): 2.0 MB
Progress (1): 2.0 MB
Progress (1): 2.0 MB
Progress (1): 2.0 MB
Progress (1): 2.0 MB
Progress (1): 2.0 MB
Progress (1): 2.0 MB
Progress (1): 2.0 MB
Progress (1): 2.0 MB
Progress (1): 2.0 MB
Progress (1): 2.0 MB
Progress (1): 2.0 MB
Progress (1): 2.0 MB
Progress (1): 2.0 MB
Progress (1): 2.0 MB
Progress (1): 2.0 MB
Progress (1): 2.0 MB
Progress (1): 2.0 MB
Progress (1): 2.0 MB
Progress (1): 2.0 MB
Progress (1): 2.0 MB
Progress (1): 2.0 MB
Progress (1): 2.0 MB
Progress (1): 2.1 MB
Progress (1): 2.1 MB
Progress (1): 2.1 MB
Progress (1): 2.1 MB
Progress (1): 2.1 MB
Progress (1): 2.1 MB
Progress (1): 2.1 MB
Progress (1): 2.1 MB
Progress (1): 2.1 MB
Progress (1): 2.1 MB
Progress (1): 2.1 MB
Progress (1): 2.1 MB
Progress (1): 2.1 MB
Progress (1): 2.1 MB
Progress (1): 2.1 MB
Progress (1): 2.1 MB
Progress (1): 2.1 MB
Progress (1): 2.1 MB
Progress (1): 2.1 MB
Progress (1): 2.1 MB
Progress (1): 2.1 MB
Progress (1): 2.1 MB
Progress (1): 2.1 MB
Progress (1): 2.1 MB
Progress (1): 2.1 MB
Progress (1): 2.1 MB
Progress (1): 2.2 MB
Progress (1): 2.2 MB
Progress (1): 2.2 MB
Progress (1): 2.2 MB
Progress (1): 2.2 MB
Progress (1): 2.2 MB
Progress (1): 2.2 MB
Progress (1): 2.2 MB
Progress (1): 2.2 MB
Progress (1): 2.2 MB
Progress (1): 2.2 MB
Progress (1): 2.2 MB
Progress (1): 2.2 MB
Progress (1): 2.2 MB
Progress (1): 2.2 MB
Progress (1): 2.2 MB
Progress (1): 2.2 MB
Progress (1): 2.2 MB
Progress (1): 2.2 MB
Progress (1): 2.2 MB
Progress (1): 2.2 MB
Progress (1): 2.2 MB
Progress (1): 2.2 MB
Progress (1): 2.2 MB
Progress (1): 2.3 MB
Progress (1): 2.3 MB
Progress (1): 2.3 MB
Progress (1): 2.3 MB
Progress (1): 2.3 MB
Progress (1): 2.3 MB
Progress (1): 2.3 MB
Progress (1): 2.3 MB
Progress (1): 2.3 MB
Progress (1): 2.3 MB
Progress (1): 2.3 MB
Progress (1): 2.3 MB
Progress (1): 2.3 MB
Progress (1): 2.3 MB
Progress (1): 2.3 MB
Progress (1): 2.3 MB
Progress (1): 2.3 MB
Progress (1): 2.3 MB
Progress (1): 2.3 MB
Progress (1): 2.3 MB
Progress (1): 2.3 MB
Progress (1): 2.3 MB
Progress (1): 2.3 MB
Progress (1): 2.3 MB
Progress (1): 2.3 MB
Progress (1): 2.4 MB
Progress (1): 2.4 MB
Progress (1): 2.4 MB
Progress (1): 2.4 MB
Progress (1): 2.4 MB
Progress (1): 2.4 MB
Progress (1): 2.4 MB
Progress (1): 2.4 MB
Progress (1): 2.4 MB
Progress (1): 2.4 MB
Progress (1): 2.4 MB
Progress (1): 2.4 MB
Progress (1): 2.4 MB
Progress (1): 2.4 MB
Progress (1): 2.4 MB
Progress (1): 2.4 MB
Progress (1): 2.4 MB
Progress (1): 2.4 MB
Progress (1): 2.4 MB
Progress (1): 2.4 MB
Progress (1): 2.4 MB
Progress (1): 2.4 MB
Progress (1): 2.4 MB
Progress (1): 2.4 MB
Progress (1): 2.4 MB
Progress (1): 2.5 MB
Progress (1): 2.5 MB
Progress (1): 2.5 MB
Progress (1): 2.5 MB
Progress (1): 2.5 MB
Progress (1): 2.5 MB
Progress (1): 2.5 MB
Progress (1): 2.5 MB
Progress (1): 2.5 MB
Progress (1): 2.5 MB
Progress (1): 2.5 MB
Progress (1): 2.5 MB
Progress (1): 2.5 MB
Progress (1): 2.5 MB
Progress (1): 2.5 MB
Progress (1): 2.5 MB
Progress (1): 2.5 MB
Progress (1): 2.5 MB
Progress (1): 2.5 MB
Progress (1): 2.5 MB
Progress (1): 2.5 MB
Progress (1): 2.5 MB
Progress (1): 2.5 MB
Progress (1): 2.5 MB
Progress (1): 2.5 MB
Progress (1): 2.6 MB
Progress (1): 2.6 MB
Progress (1): 2.6 MB
Progress (1): 2.6 MB
Progress (1): 2.6 MB
Progress (1): 2.6 MB
Progress (1): 2.6 MB
Progress (1): 2.6 MB
Progress (1): 2.6 MB
Progress (1): 2.6 MB
Progress (1): 2.6 MB
Progress (1): 2.6 MB
Progress (1): 2.6 MB
Progress (1): 2.6 MB
Progress (1): 2.6 MB
Progress (1): 2.6 MB
Progress (1): 2.6 MB
Progress (1): 2.6 MB
Progress (1): 2.6 MB
Progress (1): 2.6 MB
Progress (1): 2.6 MB
Progress (1): 2.6 MB
Progress (1): 2.6 MB
Progress (1): 2.6 MB
Progress (1): 2.7 MB
Progress (1): 2.7 MB
Progress (1): 2.7 MB
Progress (1): 2.7 MB
Progress (1): 2.7 MB
Progress (1): 2.7 MB
Progress (1): 2.7 MB
Progress (1): 2.7 MB
Progress (1): 2.7 MB
Progress (1): 2.7 MB
Progress (1): 2.7 MB
Progress (1): 2.7 MB
Progress (1): 2.7 MB
Progress (1): 2.7 MB
Progress (1): 2.7 MB
Progress (1): 2.7 MB
Progress (1): 2.7 MB
Progress (1): 2.7 MB
Progress (1): 2.7 MB
Progress (1): 2.7 MB
Progress (1): 2.7 MB
Progress (1): 2.7 MB
Progress (1): 2.7 MB
Progress (1): 2.7 MB
Progress (1): 2.7 MB
Progress (1): 2.8 MB
Progress (1): 2.8 MB
Progress (1): 2.8 MB
Progress (1): 2.8 MB
Progress (1): 2.8 MB
Progress (1): 2.8 MB
Progress (1): 2.8 MB
Progress (1): 2.8 MB
Progress (1): 2.8 MB
Progress (1): 2.8 MB
Progress (1): 2.8 MB
Progress (1): 2.8 MB
Progress (1): 2.8 MB
Progress (1): 2.8 MB
Progress (1): 2.8 MB
Progress (1): 2.8 MB
Progress (1): 2.8 MB
Progress (1): 2.8 MB
Progress (1): 2.8 MB
Progress (1): 2.8 MB
Progress (1): 2.8 MB
Progress (1): 2.8 MB
Progress (1): 2.8 MB
Progress (1): 2.8 MB
Progress (1): 2.8 MB
Progress (1): 2.9 MB
Progress (1): 2.9 MB
Progress (1): 2.9 MB
Progress (1): 2.9 MB
Progress (1): 2.9 MB
Progress (1): 2.9 MB
Progress (1): 2.9 MB
Progress (1): 2.9 MB
Progress (1): 2.9 MB
Progress (1): 2.9 MB
Progress (1): 2.9 MB
Progress (1): 2.9 MB
Progress (1): 2.9 MB
Progress (1): 2.9 MB
Progress (1): 2.9 MB
Progress (1): 2.9 MB
Progress (1): 2.9 MB
Progress (1): 2.9 MB
Progress (1): 2.9 MB
Progress (1): 2.9 MB
Progress (1): 2.9 MB
Progress (1): 2.9 MB
Progress (1): 2.9 MB
Progress (1): 2.9 MB
Progress (1): 2.9 MB
Progress (1): 2.9 MB
Progress (1): 3.0 MB
Progress (1): 3.0 MB
Progress (1): 3.0 MB
Progress (1): 3.0 MB
Progress (1): 3.0 MB
Progress (1): 3.0 MB
Progress (1): 3.0 MB
Progress (1): 3.0 MB
Progress (1): 3.0 MB
Progress (1): 3.0 MB
Progress (1): 3.0 MB
Progress (1): 3.0 MB
Progress (1): 3.0 MB
Progress (1): 3.0 MB
Progress (1): 3.0 MB
Progress (1): 3.0 MB
Progress (1): 3.0 MB
Progress (1): 3.0 MB
Progress (1): 3.0 MB
Progress (1): 3.0 MB
Progress (1): 3.0 MB
Progress (1): 3.0 MB
Progress (1): 3.0 MB
Progress (1): 3.0 MB
Progress (1): 3.1 MB
Progress (1): 3.1 MB
Progress (1): 3.1 MB
Progress (1): 3.1 MB
Progress (1): 3.1 MB
Progress (1): 3.1 MB
Progress (1): 3.1 MB
Progress (1): 3.1 MB
Progress (1): 3.1 MB
Progress (1): 3.1 MB
Progress (1): 3.1 MB
Progress (1): 3.1 MB
Progress (1): 3.1 MB
Progress (1): 3.1 MB
Progress (1): 3.1 MB
Progress (1): 3.1 MB
Progress (1): 3.1 MB
Progress (1): 3.1 MB
Progress (1): 3.1 MB
Progress (1): 3.1 MB
Progress (1): 3.1 MB
Progress (1): 3.1 MB
Progress (1): 3.1 MB
Progress (1): 3.1 MB
Progress (1): 3.1 MB
Progress (1): 3.1 MB
Progress (1): 3.2 MB
Progress (1): 3.2 MB
Progress (1): 3.2 MB
Progress (1): 3.2 MB
Progress (1): 3.2 MB
Progress (1): 3.2 MB
Progress (1): 3.2 MB
Progress (1): 3.2 MB
Progress (1): 3.2 MB
Progress (1): 3.2 MB
Progress (1): 3.2 MB
Progress (1): 3.2 MB
Progress (1): 3.2 MB
Progress (1): 3.2 MB
Progress (1): 3.2 MB
Progress (1): 3.2 MB
Progress (1): 3.2 MB
Progress (1): 3.2 MB
Progress (1): 3.2 MB
Progress (1): 3.2 MB
Progress (1): 3.2 MB
Progress (1): 3.2 MB
Progress (1): 3.2 MB
Progress (1): 3.2 MB
Progress (1): 3.2 MB
Progress (1): 3.3 MB
Progress (1): 3.3 MB
Progress (1): 3.3 MB
Progress (1): 3.3 MB
Progress (1): 3.3 MB
Progress (1): 3.3 MB
Progress (1): 3.3 MB
Progress (1): 3.3 MB
Progress (1): 3.3 MB
Progress (1): 3.3 MB
Progress (1): 3.3 MB
Progress (1): 3.3 MB
Progress (1): 3.3 MB
Progress (1): 3.3 MB
Progress (1): 3.3 MB
Progress (1): 3.3 MB
Progress (1): 3.3 MB
Progress (1): 3.3 MB
Progress (1): 3.3 MB
Progress (1): 3.3 MB
Progress (1): 3.3 MB
Progress (1): 3.3 MB
Progress (1): 3.3 MB
Progress (1): 3.3 MB
Progress (1): 3.4 MB
Progress (1): 3.4 MB
Progress (1): 3.4 MB
Progress (1): 3.4 MB
Progress (1): 3.4 MB
Progress (1): 3.4 MB
Progress (1): 3.4 MB
Progress (1): 3.4 MB
Progress (1): 3.4 MB
Progress (1): 3.4 MB
Progress (1): 3.4 MB
Progress (1): 3.4 MB
Progress (1): 3.4 MB
Progress (1): 3.4 MB
Progress (1): 3.4 MB
Progress (1): 3.4 MB
Progress (1): 3.4 MB
Progress (1): 3.4 MB
Progress (1): 3.4 MB
Progress (1): 3.4 MB
Progress (1): 3.4 MB
Progress (1): 3.4 MB
Progress (1): 3.4 MB
Progress (1): 3.4 MB
Progress (1): 3.4 MB
Progress (1): 3.4 MB
Progress (1): 3.5 MB
Progress (1): 3.5 MB
Progress (1): 3.5 MB
Progress (1): 3.5 MB
Progress (1): 3.5 MB
Progress (1): 3.5 MB
Progress (1): 3.5 MB
Progress (1): 3.5 MB
Progress (1): 3.5 MB
Progress (1): 3.5 MB
Progress (1): 3.5 MB
Progress (1): 3.5 MB
Progress (1): 3.5 MB
Progress (1): 3.5 MB
Progress (1): 3.5 MB
Progress (1): 3.5 MB
Progress (1): 3.5 MB
Progress (1): 3.5 MB
Progress (1): 3.5 MB
Progress (1): 3.5 MB
Progress (1): 3.5 MB
Progress (1): 3.5 MB
Progress (1): 3.5 MB
Progress (1): 3.5 MB
Progress (1): 3.5 MB
Progress (1): 3.6 MB
Progress (1): 3.6 MB
Progress (1): 3.6 MB
Progress (1): 3.6 MB
Progress (1): 3.6 MB
Progress (1): 3.6 MB
Progress (1): 3.6 MB
Progress (1): 3.6 MB
Progress (1): 3.6 MB
Progress (1): 3.6 MB
Progress (1): 3.6 MB
Progress (1): 3.6 MB
Progress (1): 3.6 MB
Progress (1): 3.6 MB
Progress (1): 3.6 MB
Progress (1): 3.6 MB
Progress (1): 3.6 MB
Progress (1): 3.6 MB
Progress (1): 3.6 MB
Progress (1): 3.6 MB
Progress (1): 3.6 MB
Progress (1): 3.6 MB
Progress (1): 3.6 MB
Progress (1): 3.6 MB
Progress (1): 3.7 MB
Progress (1): 3.7 MB
Progress (1): 3.7 MB
Progress (1): 3.7 MB
Progress (1): 3.7 MB
Progress (1): 3.7 MB
Progress (1): 3.7 MB
Progress (1): 3.7 MB
Progress (1): 3.7 MB
Progress (1): 3.7 MB
Progress (1): 3.7 MB
Progress (1): 3.7 MB
Progress (1): 3.7 MB
Progress (1): 3.7 MB
Progress (1): 3.7 MB
Progress (1): 3.7 MB
Progress (1): 3.7 MB
Progress (1): 3.7 MB
Progress (1): 3.7 MB
Progress (1): 3.7 MB
Progress (1): 3.7 MB
Progress (1): 3.7 MB
                    
Downloaded from aiban-tianyin-core: https://aiban-maven.pkg.coding.net/repository/tianyin/core/cn/jpush/api/jpush-client/3.7.7/jpush-client-3.7.7.jar (0 B at 0 B/s)
Progress (1): 3.7 MB
Progress (1): 3.7 MB
Progress (1): 3.7 MB
Progress (1): 3.7 MB
Progress (1): 3.8 MB
Progress (1): 3.8 MB
Progress (1): 3.8 MB
Progress (1): 3.8 MB
Progress (1): 3.8 MB
Progress (1): 3.8 MB
Progress (1): 3.8 MB
Progress (1): 3.8 MB
Progress (1): 3.8 MB
Progress (1): 3.8 MB
Progress (1): 3.8 MB
Progress (1): 3.8 MB
Progress (1): 3.8 MB
Progress (1): 3.8 MB
Progress (1): 3.8 MB
Progress (1): 3.8 MB
Progress (1): 3.8 MB
Progress (1): 3.8 MB
Progress (1): 3.8 MB
Progress (1): 3.8 MB
Progress (1): 3.8 MB
Progress (1): 3.8 MB
Progress (1): 3.8 MB
Progress (1): 3.8 MB
Progress (1): 3.8 MB
Progress (1): 3.9 MB
Progress (1): 3.9 MB
Progress (1): 3.9 MB
Progress (1): 3.9 MB
Progress (1): 3.9 MB
Progress (1): 3.9 MB
Progress (1): 3.9 MB
Progress (1): 3.9 MB
Progress (1): 3.9 MB
Progress (1): 3.9 MB
Progress (1): 3.9 MB
Progress (1): 3.9 MB
Progress (1): 3.9 MB
Progress (1): 3.9 MB
Progress (1): 3.9 MB
Progress (1): 3.9 MB
Progress (1): 3.9 MB
Progress (1): 3.9 MB
Progress (1): 3.9 MB
Progress (1): 3.9 MB
Progress (1): 3.9 MB
Progress (1): 3.9 MB
Progress (1): 3.9 MB
Progress (1): 3.9 MB
Progress (1): 3.9 MB
Progress (1): 3.9 MB
Progress (1): 4.0 MB
Progress (1): 4.0 MB
Progress (1): 4.0 MB
Progress (1): 4.0 MB
Progress (1): 4.0 MB
Progress (1): 4.0 MB
Progress (1): 4.0 MB
Progress (1): 4.0 MB
Progress (1): 4.0 MB
Progress (1): 4.0 MB
Progress (1): 4.0 MB
Progress (1): 4.0 MB
Progress (1): 4.0 MB
Progress (1): 4.0 MB
Progress (1): 4.0 MB
Progress (1): 4.0 MB
Progress (1): 4.0 MB
Progress (1): 4.0 MB
Progress (1): 4.0 MB
Progress (1): 4.0 MB
Progress (1): 4.0 MB
Progress (1): 4.0 MB
Progress (1): 4.0 MB
Progress (1): 4.0 MB
Progress (1): 4.1 MB
Progress (1): 4.1 MB
Progress (1): 4.1 MB
Progress (1): 4.1 MB
Progress (1): 4.1 MB
Progress (1): 4.1 MB
Progress (1): 4.1 MB
Progress (1): 4.1 MB
Progress (1): 4.1 MB
Progress (1): 4.1 MB
Progress (1): 4.1 MB
Progress (1): 4.1 MB
Progress (1): 4.1 MB
Progress (1): 4.1 MB
Progress (1): 4.1 MB
Progress (1): 4.1 MB
Progress (1): 4.1 MB
Progress (1): 4.1 MB
Progress (1): 4.1 MB
Progress (1): 4.1 MB
Progress (1): 4.1 MB
Progress (1): 4.1 MB
Progress (1): 4.1 MB
Progress (1): 4.1 MB
Progress (1): 4.1 MB
Progress (1): 4.2 MB
Progress (1): 4.2 MB
Progress (1): 4.2 MB
Progress (1): 4.2 MB
Progress (1): 4.2 MB
Progress (1): 4.2 MB
Progress (1): 4.2 MB
Progress (1): 4.2 MB
Progress (1): 4.2 MB
Progress (1): 4.2 MB
Progress (1): 4.2 MB
                    
Downloaded from aiban-tianyin-core: https://aiban-maven.pkg.coding.net/repository/tianyin/core/org/bouncycastle/bcprov-jdk15on/1.60/bcprov-jdk15on-1.60.jar (4.2 MB at 4.3 MB/s)
[[1;34mINFO[m] 
[[1;34mINFO[m] [1m--- [0;32mmaven-clean-plugin:3.1.0:clean[m [1m(default-clean)[m @ [36mjpush-spring-boot-starter[0;1m ---[m
[[1;34mINFO[m] Deleting /Users/wandl/workspaces/workspace-ddd4j/workspace-ddd4j-boot-starters/jpush-spring-boot-starter/target
[[1;34mINFO[m] 
[[1;34mINFO[m] [1m--- [0;32mmaven-enforcer-plugin:3.0.0-M3:enforce[m [1m(default-cli)[m @ [36mjpush-spring-boot-starter[0;1m ---[m
[[1;34mINFO[m] 
[[1;34mINFO[m] [1m--- [0;32mmaven-resources-plugin:3.1.0:resources[m [1m(default-resources)[m @ [36mjpush-spring-boot-starter[0;1m ---[m
[[1;34mINFO[m] Using 'UTF-8' encoding to copy filtered resources.
[[1;34mINFO[m] Copying 0 resource
[[1;34mINFO[m] Copying 2 resources
[[1;34mINFO[m] 
[[1;34mINFO[m] [1m--- [0;32mmaven-compiler-plugin:3.8.1:compile[m [1m(default-compile)[m @ [36mjpush-spring-boot-starter[0;1m ---[m
[[1;34mINFO[m] Changes detected - recompiling the module!
[[1;34mINFO[m] Compiling 7 source files to /Users/wandl/workspaces/workspace-ddd4j/workspace-ddd4j-boot-starters/jpush-spring-boot-starter/target/classes
[[1;34mINFO[m] [1m------------------------------------------------------------------------[m
[[1;34mINFO[m] [1;31mBUILD FAILURE[m
[[1;34mINFO[m] [1m------------------------------------------------------------------------[m
[[1;34mINFO[m] Total time:  2.856 s
[[1;34mINFO[m] Finished at: 2026-03-16T14:02:28+08:00
[[1;34mINFO[m] [1m------------------------------------------------------------------------[m
[[1;31mERROR[m] Failed to execute goal [32morg.apache.maven.plugins:maven-compiler-plugin:3.8.1:compile[m [1m(default-compile)[m on project [36mjpush-spring-boot-starter[m: [1;31mFatal error compiling[m: java.lang.IllegalAccessError: class lombok.javac.apt.LombokProcessor (in unnamed module @0x6dd79214) cannot access class com.sun.tools.javac.processing.JavacProcessingEnvironment (in module jdk.compiler) because module jdk.compiler does not export com.sun.tools.javac.processing to unnamed module @0x6dd79214 -> [1m[Help 1][m
[[1;31mERROR[m] 
[[1;31mERROR[m] To see the full stack trace of the errors, re-run Maven with the [1m-e[m switch.
[[1;31mERROR[m] Re-run Maven using the [1m-X[m switch to enable full debug logging.
[[1;31mERROR[m] 
[[1;31mERROR[m] For more information about the errors and possible solutions, please read the following articles:
[[1;31mERROR[m] [1m[Help 1][m http://cwiki.apache.org/confluence/display/MAVEN/MojoExecutionException
[jpush-spring-boot-starter/2.3.x] 失败 - 查看日志
[[1;34mINFO[m] Scanning for projects...
[[1;34mINFO[m] 
[[1;34mINFO[m] [1m------------< [0;36mio.github.hiwepy:jpush-spring-boot-starter[0;1m >-------------[m
[[1;34mINFO[m] [1mBuilding io.github.hiwepy:jpush-spring-boot-starter 2.7.x.20240823.RELEASE[m
[[1;34mINFO[m] [1m--------------------------------[ jar ]---------------------------------[m
[[1;34mINFO[m] 
[[1;34mINFO[m] [1m--- [0;32mmaven-clean-plugin:3.2.0:clean[m [1m(default-clean)[m @ [36mjpush-spring-boot-starter[0;1m ---[m
[[1;34mINFO[m] Deleting /Users/wandl/workspaces/workspace-ddd4j/workspace-ddd4j-boot-starters/jpush-spring-boot-starter/target
[[1;34mINFO[m] 
[[1;34mINFO[m] [1m--- [0;32mmaven-enforcer-plugin:3.0.0:enforce[m [1m(default-cli)[m @ [36mjpush-spring-boot-starter[0;1m ---[m
[[1;34mINFO[m] 
[[1;34mINFO[m] [1m--- [0;32mmaven-resources-plugin:3.1.0:resources[m [1m(default-resources)[m @ [36mjpush-spring-boot-starter[0;1m ---[m
[[1;34mINFO[m] Using 'UTF-8' encoding to copy filtered resources.
[[1;34mINFO[m] Copying 0 resource
[[1;34mINFO[m] Copying 2 resources
[[1;34mINFO[m] 
[[1;34mINFO[m] [1m--- [0;32mmaven-compiler-plugin:3.10.1:compile[m [1m(default-compile)[m @ [36mjpush-spring-boot-starter[0;1m ---[m
[[1;34mINFO[m] Changes detected - recompiling the module!
[[1;34mINFO[m] Compiling 7 source files to /Users/wandl/workspaces/workspace-ddd4j/workspace-ddd4j-boot-starters/jpush-spring-boot-starter/target/classes
[[1;34mINFO[m] [1m------------------------------------------------------------------------[m
[[1;34mINFO[m] [1;31mBUILD FAILURE[m
[[1;34mINFO[m] [1m------------------------------------------------------------------------[m
[[1;34mINFO[m] Total time:  0.802 s
[[1;34mINFO[m] Finished at: 2026-03-16T14:02:29+08:00
[[1;34mINFO[m] [1m------------------------------------------------------------------------[m
[[1;31mERROR[m] Failed to execute goal [32morg.apache.maven.plugins:maven-compiler-plugin:3.10.1:compile[m [1m(default-compile)[m on project [36mjpush-spring-boot-starter[m: [1;31mFatal error compiling[m: java.lang.NoSuchFieldError: Class com.sun.tools.javac.tree.JCTree$JCImport does not have member field 'com.sun.tools.javac.tree.JCTree qualid' -> [1m[Help 1][m
[[1;31mERROR[m] 
[[1;31mERROR[m] To see the full stack trace of the errors, re-run Maven with the [1m-e[m switch.
[[1;31mERROR[m] Re-run Maven using the [1m-X[m switch to enable full debug logging.
[[1;31mERROR[m] 
[[1;31mERROR[m] For more information about the errors and possible solutions, please read the following articles:
[[1;31mERROR[m] [1m[Help 1][m http://cwiki.apache.org/confluence/display/MAVEN/MojoExecutionException
[jpush-spring-boot-starter/2.7.x] 失败 - 查看日志
[[1;34mINFO[m] Scanning for projects...
[[1;34mINFO[m] 
[[1;34mINFO[m] [1m------------< [0;36mio.github.hiwepy:jpush-spring-boot-starter[0;1m >-------------[m
[[1;34mINFO[m] [1mBuilding io.github.hiwepy:jpush-spring-boot-starter 3.0.x.20251227-SNAPSHOT[m
[[1;34mINFO[m] [1m--------------------------------[ jar ]---------------------------------[m
[[1;34mINFO[m] 
[[1;34mINFO[m] [1m--- [0;32mmaven-clean-plugin:3.4.0:clean[m [1m(default-clean)[m @ [36mjpush-spring-boot-starter[0;1m ---[m
[[1;34mINFO[m] Deleting /Users/wandl/workspaces/workspace-ddd4j/workspace-ddd4j-boot-starters/jpush-spring-boot-starter/target
[[1;34mINFO[m] 
[[1;34mINFO[m] [1m--- [0;32mmaven-enforcer-plugin:3.5.0:enforce[m [1m(default-cli)[m @ [36mjpush-spring-boot-starter[0;1m ---[m
[[1;34mINFO[m] Rule 1: org.apache.maven.enforcer.rules.version.RequireJavaVersion passed
[[1;34mINFO[m] [1m------------------------------------------------------------------------[m
[[1;34mINFO[m] [1;31mBUILD FAILURE[m
[[1;34mINFO[m] [1m------------------------------------------------------------------------[m
[[1;34mINFO[m] Total time:  0.354 s
[[1;34mINFO[m] Finished at: 2026-03-16T14:02:30+08:00
[[1;34mINFO[m] [1m------------------------------------------------------------------------[m
[[1;31mERROR[m] Failed to execute goal [32morg.apache.maven.plugins:maven-enforcer-plugin:3.5.0:enforce[m [1m(default-cli)[m on project [36mjpush-spring-boot-starter[m: [1;31m[m
[[1;31mERROR[m] [1;31mRule 0: org.apache.maven.enforcer.rules.version.RequireMavenVersion failed with message:[m
[[1;31mERROR[m] [1;31mYou are running an older version of Maven. This application requires at least Maven 3.9.9.[m
[[1;31mERROR[m] -> [1m[Help 1][m
[[1;31mERROR[m] 
[[1;31mERROR[m] To see the full stack trace of the errors, re-run Maven with the [1m-e[m switch.
[[1;31mERROR[m] Re-run Maven using the [1m-X[m switch to enable full debug logging.
[[1;31mERROR[m] 
[[1;31mERROR[m] For more information about the errors and possible solutions, please read the following articles:
[[1;31mERROR[m] [1m[Help 1][m http://cwiki.apache.org/confluence/display/MAVEN/MojoExecutionException
[jpush-spring-boot-starter/3.0.x] 失败 - 查看日志
[[1;34mINFO[m] Scanning for projects...
[[1;34mINFO[m] 
[[1;34mINFO[m] [1m------------< [0;36mio.github.hiwepy:jpush-spring-boot-starter[0;1m >-------------[m
[[1;34mINFO[m] [1mBuilding io.github.hiwepy:jpush-spring-boot-starter 3.1.x.20251227-SNAPSHOT[m
[[1;34mINFO[m] [1m--------------------------------[ jar ]---------------------------------[m
Downloading from aiban-tianyin-core: https://aiban-maven.pkg.coding.net/repository/tianyin/core/org/apache/httpcomponents/httpclient/4.5.3/httpclient-4.5.3.pom
Progress (1): 4.0 kB
Progress (1): 6.4 kB
                    
Downloaded from aiban-tianyin-core: https://aiban-maven.pkg.coding.net/repository/tianyin/core/org/apache/httpcomponents/httpclient/4.5.3/httpclient-4.5.3.pom (6.4 kB at 15 kB/s)
Downloading from aiban-tianyin-core: https://aiban-maven.pkg.coding.net/repository/tianyin/core/org/apache/httpcomponents/httpcomponents-client/4.5.3/httpcomponents-client-4.5.3.pom
Progress (1): 2.6 kB
Progress (1): 5.4 kB
Progress (1): 9.5 kB
Progress (1): 12 kB 
Progress (1): 16 kB
                   
Downloaded from aiban-tianyin-core: https://aiban-maven.pkg.coding.net/repository/tianyin/core/org/apache/httpcomponents/httpcomponents-client/4.5.3/httpcomponents-client-4.5.3.pom (16 kB at 55 kB/s)
Downloading from aiban-tianyin-core: https://aiban-maven.pkg.coding.net/repository/tianyin/core/org/apache/httpcomponents/httpclient/4.5.3/httpclient-4.5.3.jar
Progress (1): 4.0 kB
Progress (1): 8.1 kB
Progress (1): 12 kB 
Progress (1): 16 kB
Progress (1): 19 kB
Progress (1): 23 kB
Progress (1): 27 kB
Progress (1): 31 kB
Progress (1): 36 kB
Progress (1): 38 kB
Progress (1): 42 kB
Progress (1): 46 kB
Progress (1): 50 kB
Progress (1): 54 kB
Progress (1): 58 kB
Progress (1): 62 kB
Progress (1): 66 kB
Progress (1): 70 kB
Progress (1): 75 kB
Progress (1): 79 kB
Progress (1): 83 kB
Progress (1): 87 kB
Progress (1): 91 kB
Progress (1): 94 kB
Progress (1): 97 kB
Progress (1): 101 kB
Progress (1): 105 kB
Progress (1): 109 kB
Progress (1): 113 kB
Progress (1): 117 kB
Progress (1): 121 kB
Progress (1): 125 kB
Progress (1): 129 kB
Progress (1): 134 kB
Progress (1): 138 kB
Progress (1): 142 kB
Progress (1): 146 kB
Progress (1): 150 kB
Progress (1): 154 kB
Progress (1): 158 kB
Progress (1): 162 kB
Progress (1): 166 kB
Progress (1): 170 kB
Progress (1): 174 kB
Progress (1): 179 kB
Progress (1): 183 kB
Progress (1): 187 kB
Progress (1): 191 kB
Progress (1): 195 kB
Progress (1): 199 kB
Progress (1): 203 kB
Progress (1): 207 kB
Progress (1): 211 kB
Progress (1): 215 kB
Progress (1): 220 kB
Progress (1): 224 kB
Progress (1): 228 kB
Progress (1): 232 kB
Progress (1): 236 kB
Progress (1): 240 kB
Progress (1): 244 kB
Progress (1): 248 kB
Progress (1): 252 kB
Progress (1): 256 kB
Progress (1): 260 kB
Progress (1): 265 kB
Progress (1): 269 kB
Progress (1): 273 kB
Progress (1): 277 kB
Progress (1): 281 kB
Progress (1): 285 kB
Progress (1): 289 kB
Progress (1): 293 kB
Progress (1): 297 kB
Progress (1): 301 kB
Progress (1): 306 kB
Progress (1): 310 kB
Progress (1): 314 kB
Progress (1): 318 kB
Progress (1): 322 kB
Progress (1): 326 kB
Progress (1): 330 kB
Progress (1): 334 kB
Progress (1): 338 kB
Progress (1): 342 kB
Progress (1): 346 kB
Progress (1): 351 kB
Progress (1): 355 kB
Progress (1): 359 kB
Progress (1): 363 kB
Progress (1): 367 kB
Progress (1): 371 kB
Progress (1): 375 kB
Progress (1): 379 kB
Progress (1): 383 kB
Progress (1): 387 kB
Progress (1): 392 kB
Progress (1): 396 kB
Progress (1): 400 kB
Progress (1): 404 kB
Progress (1): 408 kB
Progress (1): 412 kB
Progress (1): 416 kB
Progress (1): 420 kB
Progress (1): 424 kB
Progress (1): 428 kB
Progress (1): 432 kB
Progress (1): 437 kB
Progress (1): 441 kB
Progress (1): 445 kB
Progress (1): 449 kB
Progress (1): 453 kB
Progress (1): 457 kB
Progress (1): 461 kB
Progress (1): 465 kB
Progress (1): 469 kB
Progress (1): 473 kB
Progress (1): 478 kB
Progress (1): 482 kB
Progress (1): 486 kB
Progress (1): 490 kB
Progress (1): 494 kB
Progress (1): 498 kB
Progress (1): 502 kB
Progress (1): 506 kB
Progress (1): 510 kB
Progress (1): 514 kB
Progress (1): 518 kB
Progress (1): 523 kB
Progress (1): 527 kB
Progress (1): 531 kB
Progress (1): 535 kB
Progress (1): 539 kB
Progress (1): 543 kB
Progress (1): 547 kB
Progress (1): 551 kB
Progress (1): 555 kB
Progress (1): 559 kB
Progress (1): 564 kB
Progress (1): 568 kB
Progress (1): 572 kB
Progress (1): 576 kB
Progress (1): 580 kB
Progress (1): 584 kB
Progress (1): 588 kB
Progress (1): 592 kB
Progress (1): 596 kB
Progress (1): 600 kB
Progress (1): 605 kB
Progress (1): 609 kB
Progress (1): 613 kB
Progress (1): 617 kB
Progress (1): 621 kB
Progress (1): 625 kB
Progress (1): 629 kB
Progress (1): 633 kB
Progress (1): 637 kB
Progress (1): 641 kB
Progress (1): 645 kB
Progress (1): 650 kB
Progress (1): 654 kB
Progress (1): 658 kB
Progress (1): 662 kB
Progress (1): 666 kB
Progress (1): 670 kB
Progress (1): 674 kB
Progress (1): 678 kB
Progress (1): 682 kB
Progress (1): 686 kB
Progress (1): 691 kB
Progress (1): 695 kB
Progress (1): 699 kB
Progress (1): 703 kB
Progress (1): 707 kB
Progress (1): 711 kB
Progress (1): 715 kB
Progress (1): 719 kB
Progress (1): 723 kB
Progress (1): 727 kB
Progress (1): 731 kB
Progress (1): 736 kB
Progress (1): 740 kB
Progress (1): 744 kB
Progress (1): 748 kB
                    
Downloaded from aiban-tianyin-core: https://aiban-maven.pkg.coding.net/repository/tianyin/core/org/apache/httpcomponents/httpclient/4.5.3/httpclient-4.5.3.jar (748 kB at 1.6 MB/s)
[[1;34mINFO[m] 
[[1;34mINFO[m] [1m--- [0;32mmaven-clean-plugin:3.4.0:clean[m [1m(default-clean)[m @ [36mjpush-spring-boot-starter[0;1m ---[m
[[1;34mINFO[m] 
[[1;34mINFO[m] [1m--- [0;32mmaven-enforcer-plugin:3.5.0:enforce[m [1m(default-cli)[m @ [36mjpush-spring-boot-starter[0;1m ---[m
[[1;34mINFO[m] Rule 1: org.apache.maven.enforcer.rules.version.RequireJavaVersion passed
[[1;34mINFO[m] [1m------------------------------------------------------------------------[m
[[1;34mINFO[m] [1;31mBUILD FAILURE[m
[[1;34mINFO[m] [1m------------------------------------------------------------------------[m
[[1;34mINFO[m] Total time:  1.618 s
[[1;34mINFO[m] Finished at: 2026-03-16T14:02:32+08:00
[[1;34mINFO[m] [1m------------------------------------------------------------------------[m
[[1;31mERROR[m] Failed to execute goal [32morg.apache.maven.plugins:maven-enforcer-plugin:3.5.0:enforce[m [1m(default-cli)[m on project [36mjpush-spring-boot-starter[m: [1;31m[m
[[1;31mERROR[m] [1;31mRule 0: org.apache.maven.enforcer.rules.version.RequireMavenVersion failed with message:[m
[[1;31mERROR[m] [1;31mYou are running an older version of Maven. This application requires at least Maven 3.9.9.[m
[[1;31mERROR[m] -> [1m[Help 1][m
[[1;31mERROR[m] 
[[1;31mERROR[m] To see the full stack trace of the errors, re-run Maven with the [1m-e[m switch.
[[1;31mERROR[m] Re-run Maven using the [1m-X[m switch to enable full debug logging.
[[1;31mERROR[m] 
[[1;31mERROR[m] For more information about the errors and possible solutions, please read the following articles:
[[1;31mERROR[m] [1m[Help 1][m http://cwiki.apache.org/confluence/display/MAVEN/MojoExecutionException
[jpush-spring-boot-starter/3.1.x] 失败 - 查看日志
[[1;34mINFO[m] Scanning for projects...
[[1;34mINFO[m] 
[[1;34mINFO[m] [1m------------< [0;36mio.github.hiwepy:jpush-spring-boot-starter[0;1m >-------------[m
[[1;34mINFO[m] [1mBuilding io.github.hiwepy:jpush-spring-boot-starter 3.2.x.20251227-SNAPSHOT[m
[[1;34mINFO[m] [1m--------------------------------[ jar ]---------------------------------[m
[[1;34mINFO[m] 
[[1;34mINFO[m] [1m--- [0;32mmaven-clean-plugin:3.4.0:clean[m [1m(default-clean)[m @ [36mjpush-spring-boot-starter[0;1m ---[m
[[1;34mINFO[m] 
[[1;34mINFO[m] [1m--- [0;32mmaven-enforcer-plugin:3.5.0:enforce[m [1m(default-cli)[m @ [36mjpush-spring-boot-starter[0;1m ---[m
[[1;34mINFO[m] Rule 1: org.apache.maven.enforcer.rules.version.RequireJavaVersion passed
[[1;34mINFO[m] [1m------------------------------------------------------------------------[m
[[1;34mINFO[m] [1;31mBUILD FAILURE[m
[[1;34mINFO[m] [1m------------------------------------------------------------------------[m
[[1;34mINFO[m] Total time:  0.324 s
[[1;34mINFO[m] Finished at: 2026-03-16T14:02:33+08:00
[[1;34mINFO[m] [1m------------------------------------------------------------------------[m
[[1;31mERROR[m] Failed to execute goal [32morg.apache.maven.plugins:maven-enforcer-plugin:3.5.0:enforce[m [1m(default-cli)[m on project [36mjpush-spring-boot-starter[m: [1;31m[m
[[1;31mERROR[m] [1;31mRule 0: org.apache.maven.enforcer.rules.version.RequireMavenVersion failed with message:[m
[[1;31mERROR[m] [1;31mYou are running an older version of Maven. This application requires at least Maven 3.9.9.[m
[[1;31mERROR[m] -> [1m[Help 1][m
[[1;31mERROR[m] 
[[1;31mERROR[m] To see the full stack trace of the errors, re-run Maven with the [1m-e[m switch.
[[1;31mERROR[m] Re-run Maven using the [1m-X[m switch to enable full debug logging.
[[1;31mERROR[m] 
[[1;31mERROR[m] For more information about the errors and possible solutions, please read the following articles:
[[1;31mERROR[m] [1m[Help 1][m http://cwiki.apache.org/confluence/display/MAVEN/MojoExecutionException
[jpush-spring-boot-starter/3.2.x] 失败 - 查看日志
[[1;34mINFO[m] Scanning for projects...
[[1;34mINFO[m] 
[[1;34mINFO[m] [1m------------< [0;36mio.github.hiwepy:jpush-spring-boot-starter[0;1m >-------------[m
[[1;34mINFO[m] [1mBuilding io.github.hiwepy:jpush-spring-boot-starter 3.3.x.20251227-SNAPSHOT[m
[[1;34mINFO[m] [1m--------------------------------[ jar ]---------------------------------[m
[[1;34mINFO[m] 
[[1;34mINFO[m] [1m--- [0;32mmaven-clean-plugin:3.4.0:clean[m [1m(default-clean)[m @ [36mjpush-spring-boot-starter[0;1m ---[m
[[1;34mINFO[m] 
[[1;34mINFO[m] [1m--- [0;32mmaven-enforcer-plugin:3.5.0:enforce[m [1m(default-cli)[m @ [36mjpush-spring-boot-starter[0;1m ---[m
[[1;34mINFO[m] Rule 1: org.apache.maven.enforcer.rules.version.RequireJavaVersion passed
[[1;34mINFO[m] [1m------------------------------------------------------------------------[m
[[1;34mINFO[m] [1;31mBUILD FAILURE[m
[[1;34mINFO[m] [1m------------------------------------------------------------------------[m
[[1;34mINFO[m] Total time:  0.323 s
[[1;34mINFO[m] Finished at: 2026-03-16T14:02:33+08:00
[[1;34mINFO[m] [1m------------------------------------------------------------------------[m
[[1;31mERROR[m] Failed to execute goal [32morg.apache.maven.plugins:maven-enforcer-plugin:3.5.0:enforce[m [1m(default-cli)[m on project [36mjpush-spring-boot-starter[m: [1;31m[m
[[1;31mERROR[m] [1;31mRule 0: org.apache.maven.enforcer.rules.version.RequireMavenVersion failed with message:[m
[[1;31mERROR[m] [1;31mYou are running an older version of Maven. This application requires at least Maven 3.9.9.[m
[[1;31mERROR[m] -> [1m[Help 1][m
[[1;31mERROR[m] 
[[1;31mERROR[m] To see the full stack trace of the errors, re-run Maven with the [1m-e[m switch.
[[1;31mERROR[m] Re-run Maven using the [1m-X[m switch to enable full debug logging.
[[1;31mERROR[m] 
[[1;31mERROR[m] For more information about the errors and possible solutions, please read the following articles:
[[1;31mERROR[m] [1m[Help 1][m http://cwiki.apache.org/confluence/display/MAVEN/MojoExecutionException
[jpush-spring-boot-starter/3.3.x] 失败 - 查看日志
[[1;34mINFO[m] Scanning for projects...
[[1;34mINFO[m] 
[[1;34mINFO[m] [1m------------< [0;36mio.github.hiwepy:jpush-spring-boot-starter[0;1m >-------------[m
[[1;34mINFO[m] [1mBuilding io.github.hiwepy:jpush-spring-boot-starter 3.4.x.20251227-SNAPSHOT[m
[[1;34mINFO[m] [1m--------------------------------[ jar ]---------------------------------[m
[[1;34mINFO[m] 
[[1;34mINFO[m] [1m--- [0;32mmaven-clean-plugin:3.4.0:clean[m [1m(default-clean)[m @ [36mjpush-spring-boot-starter[0;1m ---[m
[[1;34mINFO[m] 
[[1;34mINFO[m] [1m--- [0;32mmaven-enforcer-plugin:3.5.0:enforce[m [1m(default-cli)[m @ [36mjpush-spring-boot-starter[0;1m ---[m
[[1;34mINFO[m] Rule 1: org.apache.maven.enforcer.rules.version.RequireJavaVersion passed
[[1;34mINFO[m] [1m------------------------------------------------------------------------[m
[[1;34mINFO[m] [1;31mBUILD FAILURE[m
[[1;34mINFO[m] [1m------------------------------------------------------------------------[m
[[1;34mINFO[m] Total time:  0.333 s
[[1;34mINFO[m] Finished at: 2026-03-16T14:02:34+08:00
[[1;34mINFO[m] [1m------------------------------------------------------------------------[m
[[1;31mERROR[m] Failed to execute goal [32morg.apache.maven.plugins:maven-enforcer-plugin:3.5.0:enforce[m [1m(default-cli)[m on project [36mjpush-spring-boot-starter[m: [1;31m[m
[[1;31mERROR[m] [1;31mRule 0: org.apache.maven.enforcer.rules.version.RequireMavenVersion failed with message:[m
[[1;31mERROR[m] [1;31mYou are running an older version of Maven. This application requires at least Maven 3.9.9.[m
[[1;31mERROR[m] -> [1m[Help 1][m
[[1;31mERROR[m] 
[[1;31mERROR[m] To see the full stack trace of the errors, re-run Maven with the [1m-e[m switch.
[[1;31mERROR[m] Re-run Maven using the [1m-X[m switch to enable full debug logging.
[[1;31mERROR[m] 
[[1;31mERROR[m] For more information about the errors and possible solutions, please read the following articles:
[[1;31mERROR[m] [1m[Help 1][m http://cwiki.apache.org/confluence/display/MAVEN/MojoExecutionException
[jpush-spring-boot-starter/3.4.x] 失败 - 查看日志
[[1;34mINFO[m] Scanning for projects...
[[1;34mINFO[m] 
[[1;34mINFO[m] [1m------------< [0;36mio.github.hiwepy:jpush-spring-boot-starter[0;1m >-------------[m
[[1;34mINFO[m] [1mBuilding io.github.hiwepy:jpush-spring-boot-starter 3.5.x.20251227-SNAPSHOT[m
[[1;34mINFO[m] [1m--------------------------------[ jar ]---------------------------------[m
[[1;34mINFO[m] 
[[1;34mINFO[m] [1m--- [0;32mmaven-clean-plugin:3.4.0:clean[m [1m(default-clean)[m @ [36mjpush-spring-boot-starter[0;1m ---[m
[[1;34mINFO[m] 
[[1;34mINFO[m] [1m--- [0;32mmaven-enforcer-plugin:3.5.0:enforce[m [1m(default-cli)[m @ [36mjpush-spring-boot-starter[0;1m ---[m
[[1;34mINFO[m] Rule 1: org.apache.maven.enforcer.rules.version.RequireJavaVersion passed
[[1;34mINFO[m] [1m------------------------------------------------------------------------[m
[[1;34mINFO[m] [1;31mBUILD FAILURE[m
[[1;34mINFO[m] [1m------------------------------------------------------------------------[m
[[1;34mINFO[m] Total time:  0.306 s
[[1;34mINFO[m] Finished at: 2026-03-16T14:02:35+08:00
[[1;34mINFO[m] [1m------------------------------------------------------------------------[m
[[1;31mERROR[m] Failed to execute goal [32morg.apache.maven.plugins:maven-enforcer-plugin:3.5.0:enforce[m [1m(default-cli)[m on project [36mjpush-spring-boot-starter[m: [1;31m[m
[[1;31mERROR[m] [1;31mRule 0: org.apache.maven.enforcer.rules.version.RequireMavenVersion failed with message:[m
[[1;31mERROR[m] [1;31mYou are running an older version of Maven. This application requires at least Maven 3.9.9.[m
[[1;31mERROR[m] -> [1m[Help 1][m
[[1;31mERROR[m] 
[[1;31mERROR[m] To see the full stack trace of the errors, re-run Maven with the [1m-e[m switch.
[[1;31mERROR[m] Re-run Maven using the [1m-X[m switch to enable full debug logging.
[[1;31mERROR[m] 
[[1;31mERROR[m] For more information about the errors and possible solutions, please read the following articles:
[[1;31mERROR[m] [1m[Help 1][m http://cwiki.apache.org/confluence/display/MAVEN/MojoExecutionException
[jpush-spring-boot-starter/3.5.x] 失败 - 查看日志
[[1;34mINFO[m] Scanning for projects...
[[1;34mINFO[m] 
[[1;34mINFO[m] [1m------------< [0;36mio.github.hiwepy:jpush-spring-boot-starter[0;1m >-------------[m
[[1;34mINFO[m] [1mBuilding io.github.hiwepy:jpush-spring-boot-starter 4.0.x.20251227-SNAPSHOT[m
[[1;34mINFO[m] [1m--------------------------------[ jar ]---------------------------------[m
[[1;34mINFO[m] 
[[1;34mINFO[m] [1m--- [0;32mmaven-clean-plugin:3.4.0:clean[m [1m(default-clean)[m @ [36mjpush-spring-boot-starter[0;1m ---[m
[[1;34mINFO[m] 
[[1;34mINFO[m] [1m--- [0;32mmaven-enforcer-plugin:3.5.0:enforce[m [1m(default-cli)[m @ [36mjpush-spring-boot-starter[0;1m ---[m
[[1;34mINFO[m] Rule 1: org.apache.maven.enforcer.rules.version.RequireJavaVersion passed
[[1;34mINFO[m] [1m------------------------------------------------------------------------[m
[[1;34mINFO[m] [1;31mBUILD FAILURE[m
[[1;34mINFO[m] [1m------------------------------------------------------------------------[m
[[1;34mINFO[m] Total time:  0.344 s
[[1;34mINFO[m] Finished at: 2026-03-16T14:02:35+08:00
[[1;34mINFO[m] [1m------------------------------------------------------------------------[m
[[1;31mERROR[m] Failed to execute goal [32morg.apache.maven.plugins:maven-enforcer-plugin:3.5.0:enforce[m [1m(default-cli)[m on project [36mjpush-spring-boot-starter[m: [1;31m[m
[[1;31mERROR[m] [1;31mRule 0: org.apache.maven.enforcer.rules.version.RequireMavenVersion failed with message:[m
[[1;31mERROR[m] [1;31mYou are running an older version of Maven. This application requires at least Maven 3.9.9.[m
[[1;31mERROR[m] -> [1m[Help 1][m
[[1;31mERROR[m] 
[[1;31mERROR[m] To see the full stack trace of the errors, re-run Maven with the [1m-e[m switch.
[[1;31mERROR[m] Re-run Maven using the [1m-X[m switch to enable full debug logging.
[[1;31mERROR[m] 
[[1;31mERROR[m] For more information about the errors and possible solutions, please read the following articles:
[[1;31mERROR[m] [1m[Help 1][m http://cwiki.apache.org/confluence/display/MAVEN/MojoExecutionException
[jpush-spring-boot-starter/4.0.x] 失败 - 查看日志
[[1;34mINFO[m] Scanning for projects...
[[1;34mINFO[m] 
[[1;34mINFO[m] [1m------------< [0;36mio.github.hiwepy:jpush-spring-boot-starter[0;1m >-------------[m
[[1;34mINFO[m] [1mBuilding io.github.hiwepy:jpush-spring-boot-starter 2.0.1-SNAPSHOT[m
[[1;34mINFO[m] [1m--------------------------------[ jar ]---------------------------------[m
Downloading from aiban-tianyin-core: https://aiban-maven.pkg.coding.net/repository/tianyin/core/cn/jpush/api/jpush-client/3.6.1/jpush-client-3.6.1.pom
Progress (1): 4.0 kB
Progress (1): 8.1 kB
Progress (1): 9.6 kB
                    
Downloaded from aiban-tianyin-core: https://aiban-maven.pkg.coding.net/repository/tianyin/core/cn/jpush/api/jpush-client/3.6.1/jpush-client-3.6.1.pom (9.6 kB at 7.9 kB/s)
Downloading from aiban-tianyin-core: https://aiban-maven.pkg.coding.net/repository/tianyin/core/cn/jpush/api/jiguang-common/1.2.0/jiguang-common-1.2.0.pom
Progress (1): 2.6 kB
Progress (1): 5.3 kB
Progress (1): 7.6 kB
                    
Downloaded from aiban-tianyin-core: https://aiban-maven.pkg.coding.net/repository/tianyin/core/cn/jpush/api/jiguang-common/1.2.0/jiguang-common-1.2.0.pom (7.6 kB at 14 kB/s)
Downloading from aiban-tianyin-core: https://aiban-maven.pkg.coding.net/repository/tianyin/core/io/netty/netty-all/4.1.70.Final/netty-all-4.1.70.Final.pom
Progress (1): 4.1 kB
Progress (1): 8.2 kB
Progress (1): 11 kB 
Progress (1): 14 kB
Progress (1): 16 kB
Progress (1): 21 kB
Progress (1): 25 kB
Progress (1): 28 kB
Progress (1): 31 kB
Progress (1): 33 kB
                   
Downloaded from aiban-tianyin-core: https://aiban-maven.pkg.coding.net/repository/tianyin/core/io/netty/netty-all/4.1.70.Final/netty-all-4.1.70.Final.pom (33 kB at 102 kB/s)
Downloading from aiban-tianyin-core: https://aiban-maven.pkg.coding.net/repository/tianyin/core/io/netty/netty-codec-dns/4.1.70.Final/netty-codec-dns-4.1.70.Final.pom
Progress (1): 2.1 kB
                    
Downloaded from aiban-tianyin-core: https://aiban-maven.pkg.coding.net/repository/tianyin/core/io/netty/netty-codec-dns/4.1.70.Final/netty-codec-dns-4.1.70.Final.pom (2.1 kB at 6.0 kB/s)
Downloading from aiban-tianyin-core: https://aiban-maven.pkg.coding.net/repository/tianyin/core/io/netty/netty-codec-haproxy/4.1.70.Final/netty-codec-haproxy-4.1.70.Final.pom
Progress (1): 1.8 kB
                    
Downloaded from aiban-tianyin-core: https://aiban-maven.pkg.coding.net/repository/tianyin/core/io/netty/netty-codec-haproxy/4.1.70.Final/netty-codec-haproxy-4.1.70.Final.pom (1.8 kB at 4.9 kB/s)
Downloading from aiban-tianyin-core: https://aiban-maven.pkg.coding.net/repository/tianyin/core/io/netty/netty-codec-http/4.1.70.Final/netty-codec-http-4.1.70.Final.pom
Progress (1): 2.6 kB
Progress (1): 3.3 kB
                    
Downloaded from aiban-tianyin-core: https://aiban-maven.pkg.coding.net/repository/tianyin/core/io/netty/netty-codec-http/4.1.70.Final/netty-codec-http-4.1.70.Final.pom (3.3 kB at 8.3 kB/s)
Downloading from aiban-tianyin-core: https://aiban-maven.pkg.coding.net/repository/tianyin/core/io/netty/netty-codec-http2/4.1.70.Final/netty-codec-http2-4.1.70.Final.pom
Progress (1): 3.6 kB
                    
Downloaded from aiban-tianyin-core: https://aiban-maven.pkg.coding.net/repository/tianyin/core/io/netty/netty-codec-http2/4.1.70.Final/netty-codec-http2-4.1.70.Final.pom (3.6 kB at 9.5 kB/s)
Downloading from aiban-tianyin-core: https://aiban-maven.pkg.coding.net/repository/tianyin/core/io/netty/netty-codec-memcache/4.1.70.Final/netty-codec-memcache-4.1.70.Final.pom
Progress (1): 2.0 kB
                    
Downloaded from aiban-tianyin-core: https://aiban-maven.pkg.coding.net/repository/tianyin/core/io/netty/netty-codec-memcache/4.1.70.Final/netty-codec-memcache-4.1.70.Final.pom (2.0 kB at 6.2 kB/s)
Downloading from aiban-tianyin-core: https://aiban-maven.pkg.coding.net/repository/tianyin/core/io/netty/netty-codec-mqtt/4.1.70.Final/netty-codec-mqtt-4.1.70.Final.pom
Progress (1): 2.1 kB
                    
Downloaded from aiban-tianyin-core: https://aiban-maven.pkg.coding.net/repository/tianyin/core/io/netty/netty-codec-mqtt/4.1.70.Final/netty-codec-mqtt-4.1.70.Final.pom (2.1 kB at 7.4 kB/s)
Downloading from aiban-tianyin-core: https://aiban-maven.pkg.coding.net/repository/tianyin/core/io/netty/netty-codec-redis/4.1.70.Final/netty-codec-redis-4.1.70.Final.pom
Progress (1): 2.0 kB
                    
Downloaded from aiban-tianyin-core: https://aiban-maven.pkg.coding.net/repository/tianyin/core/io/netty/netty-codec-redis/4.1.70.Final/netty-codec-redis-4.1.70.Final.pom (2.0 kB at 7.5 kB/s)
Downloading from aiban-tianyin-core: https://aiban-maven.pkg.coding.net/repository/tianyin/core/io/netty/netty-codec-smtp/4.1.70.Final/netty-codec-smtp-4.1.70.Final.pom
Progress (1): 2.0 kB
                    
Downloaded from aiban-tianyin-core: https://aiban-maven.pkg.coding.net/repository/tianyin/core/io/netty/netty-codec-smtp/4.1.70.Final/netty-codec-smtp-4.1.70.Final.pom (2.0 kB at 6.3 kB/s)
Downloading from aiban-tianyin-core: https://aiban-maven.pkg.coding.net/repository/tianyin/core/io/netty/netty-codec-socks/4.1.70.Final/netty-codec-socks-4.1.70.Final.pom
Progress (1): 2.0 kB
                    
Downloaded from aiban-tianyin-core: https://aiban-maven.pkg.coding.net/repository/tianyin/core/io/netty/netty-codec-socks/4.1.70.Final/netty-codec-socks-4.1.70.Final.pom (2.0 kB at 7.2 kB/s)
Downloading from aiban-tianyin-core: https://aiban-maven.pkg.coding.net/repository/tianyin/core/io/netty/netty-codec-stomp/4.1.70.Final/netty-codec-stomp-4.1.70.Final.pom
Progress (1): 2.0 kB
                    
Downloaded from aiban-tianyin-core: https://aiban-maven.pkg.coding.net/repository/tianyin/core/io/netty/netty-codec-stomp/4.1.70.Final/netty-codec-stomp-4.1.70.Final.pom (2.0 kB at 5.9 kB/s)
Downloading from aiban-tianyin-core: https://aiban-maven.pkg.coding.net/repository/tianyin/core/io/netty/netty-codec-xml/4.1.70.Final/netty-codec-xml-4.1.70.Final.pom
Progress (1): 1.9 kB
                    
Downloaded from aiban-tianyin-core: https://aiban-maven.pkg.coding.net/repository/tianyin/core/io/netty/netty-codec-xml/4.1.70.Final/netty-codec-xml-4.1.70.Final.pom (1.9 kB at 6.2 kB/s)
Downloading from aiban-tianyin-core: https://aiban-maven.pkg.coding.net/repository/tianyin/core/io/netty/netty-handler-proxy/4.1.70.Final/netty-handler-proxy-4.1.70.Final.pom
Progress (1): 2.8 kB
                    
Downloaded from aiban-tianyin-core: https://aiban-maven.pkg.coding.net/repository/tianyin/core/io/netty/netty-handler-proxy/4.1.70.Final/netty-handler-proxy-4.1.70.Final.pom (2.8 kB at 10 kB/s)
Downloading from aiban-tianyin-core: https://aiban-maven.pkg.coding.net/repository/tianyin/core/io/netty/netty-resolver-dns/4.1.70.Final/netty-resolver-dns-4.1.70.Final.pom
Progress (1): 3.2 kB
                    
Downloaded from aiban-tianyin-core: https://aiban-maven.pkg.coding.net/repository/tianyin/core/io/netty/netty-resolver-dns/4.1.70.Final/netty-resolver-dns-4.1.70.Final.pom (3.2 kB at 9.9 kB/s)
Downloading from aiban-tianyin-core: https://aiban-maven.pkg.coding.net/repository/tianyin/core/io/netty/netty-transport-rxtx/4.1.70.Final/netty-transport-rxtx-4.1.70.Final.pom
Progress (1): 1.8 kB
                    
Downloaded from aiban-tianyin-core: https://aiban-maven.pkg.coding.net/repository/tianyin/core/io/netty/netty-transport-rxtx/4.1.70.Final/netty-transport-rxtx-4.1.70.Final.pom (1.8 kB at 5.7 kB/s)
Downloading from aiban-tianyin-core: https://aiban-maven.pkg.coding.net/repository/tianyin/core/io/netty/netty-transport-sctp/4.1.70.Final/netty-transport-sctp-4.1.70.Final.pom
Progress (1): 2.4 kB
                    
Downloaded from aiban-tianyin-core: https://aiban-maven.pkg.coding.net/repository/tianyin/core/io/netty/netty-transport-sctp/4.1.70.Final/netty-transport-sctp-4.1.70.Final.pom (2.4 kB at 6.4 kB/s)
Downloading from aiban-tianyin-core: https://aiban-maven.pkg.coding.net/repository/tianyin/core/io/netty/netty-transport-udt/4.1.70.Final/netty-transport-udt-4.1.70.Final.pom
Progress (1): 2.7 kB
                    
Downloaded from aiban-tianyin-core: https://aiban-maven.pkg.coding.net/repository/tianyin/core/io/netty/netty-transport-udt/4.1.70.Final/netty-transport-udt-4.1.70.Final.pom (2.7 kB at 6.6 kB/s)
Downloading from aiban-tianyin-core: https://aiban-maven.pkg.coding.net/repository/tianyin/core/io/netty/netty-transport-classes-kqueue/4.1.70.Final/netty-transport-classes-kqueue-4.1.70.Final.pom
Progress (1): 2.1 kB
                    
Downloaded from aiban-tianyin-core: https://aiban-maven.pkg.coding.net/repository/tianyin/core/io/netty/netty-transport-classes-kqueue/4.1.70.Final/netty-transport-classes-kqueue-4.1.70.Final.pom (2.1 kB at 6.7 kB/s)
Downloading from aiban-tianyin-core: https://aiban-maven.pkg.coding.net/repository/tianyin/core/io/netty/netty-resolver-dns-classes-macos/4.1.70.Final/netty-resolver-dns-classes-macos-4.1.70.Final.pom
Progress (1): 2.0 kB
                    
Downloaded from aiban-tianyin-core: https://aiban-maven.pkg.coding.net/repository/tianyin/core/io/netty/netty-resolver-dns-classes-macos/4.1.70.Final/netty-resolver-dns-classes-macos-4.1.70.Final.pom (2.0 kB at 5.8 kB/s)
Downloading from aiban-tianyin-core: https://aiban-maven.pkg.coding.net/repository/tianyin/core/io/netty/netty-transport-native-kqueue/4.1.70.Final/netty-transport-native-kqueue-4.1.70.Final.pom
Progress (1): 4.0 kB
Progress (1): 8.1 kB
Progress (1): 11 kB 
Progress (1): 14 kB
Progress (1): 18 kB
Progress (1): 22 kB
Progress (1): 24 kB
                   
Downloaded from aiban-tianyin-core: https://aiban-maven.pkg.coding.net/repository/tianyin/core/io/netty/netty-transport-native-kqueue/4.1.70.Final/netty-transport-native-kqueue-4.1.70.Final.pom (24 kB at 65 kB/s)
Downloading from aiban-tianyin-core: https://aiban-maven.pkg.coding.net/repository/tianyin/core/io/netty/netty-resolver-dns-native-macos/4.1.70.Final/netty-resolver-dns-native-macos-4.1.70.Final.pom
Progress (1): 4.1 kB
Progress (1): 8.2 kB
Progress (1): 12 kB 
                   
Downloaded from aiban-tianyin-core: https://aiban-maven.pkg.coding.net/repository/tianyin/core/io/netty/netty-resolver-dns-native-macos/4.1.70.Final/netty-resolver-dns-native-macos-4.1.70.Final.pom (12 kB at 33 kB/s)
Downloading from aiban-tianyin-core: https://aiban-maven.pkg.coding.net/repository/tianyin/core/cn/jpush/api/jpush-client/3.6.1/jpush-client-3.6.1.jar
Downloading from aiban-tianyin-core: https://aiban-maven.pkg.coding.net/repository/tianyin/core/io/netty/netty-codec-haproxy/4.1.70.Final/netty-codec-haproxy-4.1.70.Final.jar
Downloading from aiban-tianyin-core: https://aiban-maven.pkg.coding.net/repository/tianyin/core/io/netty/netty-codec-dns/4.1.70.Final/netty-codec-dns-4.1.70.Final.jar
Downloading from aiban-tianyin-core: https://aiban-maven.pkg.coding.net/repository/tianyin/core/io/netty/netty-all/4.1.70.Final/netty-all-4.1.70.Final.jar
Downloading from aiban-tianyin-core: https://aiban-maven.pkg.coding.net/repository/tianyin/core/cn/jpush/api/jiguang-common/1.2.0/jiguang-common-1.2.0.jar
Progress (1): 4.0 kB
Progress (1): 4.3 kB
Progress (2): 4.3 kB | 4.0 kB
Progress (2): 4.3 kB | 8.1 kB
Progress (2): 4.3 kB | 11 kB 
Progress (3): 4.3 kB | 11 kB | 2.6 kB
Progress (3): 4.3 kB | 11 kB | 6.7 kB
Progress (3): 4.3 kB | 11 kB | 11 kB 
Progress (3): 4.3 kB | 14 kB | 11 kB
Progress (3): 4.3 kB | 17 kB | 11 kB
Progress (3): 4.3 kB | 21 kB | 11 kB
Progress (3): 4.3 kB | 25 kB | 11 kB
Progress (3): 4.3 kB | 28 kB | 11 kB
Progress (3): 4.3 kB | 32 kB | 11 kB
Progress (3): 4.3 kB | 32 kB | 14 kB
Progress (3): 4.3 kB | 35 kB | 14 kB
Progress (3): 4.3 kB | 35 kB | 17 kB
Progress (3): 4.3 kB | 36 kB | 17 kB
Progress (3): 4.3 kB | 36 kB | 21 kB
Progress (3): 4.3 kB | 36 kB | 25 kB
Progress (3): 4.3 kB | 36 kB | 29 kB
Progress (3): 4.3 kB | 36 kB | 33 kB
Progress (3): 4.3 kB | 36 kB | 37 kB
Progress (3): 4.3 kB | 36 kB | 39 kB
Progress (3): 4.3 kB | 36 kB | 43 kB
Progress (3): 4.3 kB | 36 kB | 48 kB
Progress (3): 4.3 kB | 36 kB | 52 kB
Progress (3): 4.3 kB | 36 kB | 56 kB
Progress (3): 4.3 kB | 36 kB | 60 kB
Progress (3): 4.3 kB | 36 kB | 64 kB
Progress (3): 4.3 kB | 36 kB | 68 kB
Progress (3): 4.3 kB | 36 kB | 72 kB
Progress (3): 4.3 kB | 36 kB | 76 kB
                                    
Downloaded from aiban-tianyin-core: https://aiban-maven.pkg.coding.net/repository/tianyin/core/io/netty/netty-all/4.1.70.Final/netty-all-4.1.70.Final.jar (4.3 kB at 12 kB/s)
Downloading from aiban-tianyin-core: https://aiban-maven.pkg.coding.net/repository/tianyin/core/io/netty/netty-codec-http/4.1.70.Final/netty-codec-http-4.1.70.Final.jar
Progress (3): 36 kB | 76 kB | 2.6 kB
Progress (3): 36 kB | 76 kB | 6.7 kB
Progress (3): 36 kB | 76 kB | 11 kB 
Progress (3): 36 kB | 76 kB | 14 kB
Progress (3): 36 kB | 76 kB | 17 kB
Progress (3): 36 kB | 76 kB | 21 kB
Progress (3): 36 kB | 76 kB | 24 kB
Progress (3): 36 kB | 76 kB | 26 kB
Progress (3): 36 kB | 76 kB | 31 kB
Progress (3): 36 kB | 76 kB | 35 kB
Progress (3): 36 kB | 76 kB | 38 kB
Progress (3): 36 kB | 76 kB | 42 kB
Progress (3): 36 kB | 76 kB | 46 kB
Progress (3): 36 kB | 76 kB | 49 kB
Progress (3): 36 kB | 76 kB | 52 kB
Progress (3): 36 kB | 76 kB | 56 kB
Progress (3): 36 kB | 76 kB | 60 kB
Progress (3): 36 kB | 76 kB | 63 kB
Progress (3): 36 kB | 76 kB | 65 kB
                                   
Downloaded from aiban-tianyin-core: https://aiban-maven.pkg.coding.net/repository/tianyin/core/io/netty/netty-codec-haproxy/4.1.70.Final/netty-codec-haproxy-4.1.70.Final.jar (36 kB at 73 kB/s)
Downloading from aiban-tianyin-core: https://aiban-maven.pkg.coding.net/repository/tianyin/core/io/netty/netty-codec-http2/4.1.70.Final/netty-codec-http2-4.1.70.Final.jar
Downloaded from aiban-tianyin-core: https://aiban-maven.pkg.coding.net/repository/tianyin/core/cn/jpush/api/jiguang-common/1.2.0/jiguang-common-1.2.0.jar (76 kB at 152 kB/s)
Downloading from aiban-tianyin-core: https://aiban-maven.pkg.coding.net/repository/tianyin/core/io/netty/netty-codec-memcache/4.1.70.Final/netty-codec-memcache-4.1.70.Final.jar
Progress (2): 65 kB | 4.1 kB
Progress (2): 65 kB | 8.2 kB
Progress (2): 65 kB | 12 kB 
Progress (2): 65 kB | 16 kB
Progress (2): 65 kB | 20 kB
Progress (2): 65 kB | 25 kB
Progress (2): 65 kB | 29 kB
Progress (2): 65 kB | 31 kB
Progress (2): 65 kB | 34 kB
Progress (2): 65 kB | 38 kB
Progress (2): 65 kB | 42 kB
Progress (2): 65 kB | 46 kB
Progress (2): 65 kB | 49 kB
Progress (2): 65 kB | 53 kB
Progress (2): 65 kB | 57 kB
Progress (2): 65 kB | 61 kB
Progress (2): 65 kB | 65 kB
Progress (2): 65 kB | 69 kB
Progress (2): 65 kB | 73 kB
Progress (2): 65 kB | 77 kB
Progress (2): 65 kB | 81 kB
Progress (2): 65 kB | 86 kB
Progress (2): 65 kB | 90 kB
Progress (2): 65 kB | 94 kB
Progress (2): 65 kB | 98 kB
Progress (2): 65 kB | 102 kB
Progress (2): 65 kB | 106 kB
Progress (2): 65 kB | 110 kB
Progress (2): 65 kB | 114 kB
Progress (2): 65 kB | 118 kB
Progress (2): 65 kB | 122 kB
Progress (2): 65 kB | 126 kB
Progress (2): 65 kB | 131 kB
Progress (2): 65 kB | 135 kB
Progress (2): 65 kB | 139 kB
Progress (2): 65 kB | 143 kB
Progress (2): 65 kB | 147 kB
Progress (2): 65 kB | 151 kB
Progress (2): 65 kB | 155 kB
Progress (2): 65 kB | 159 kB
Progress (2): 65 kB | 163 kB
Progress (2): 65 kB | 167 kB
Progress (2): 65 kB | 172 kB
Progress (2): 65 kB | 176 kB
Progress (2): 65 kB | 180 kB
Progress (2): 65 kB | 184 kB
Progress (2): 65 kB | 188 kB
Progress (2): 65 kB | 192 kB
Progress (2): 65 kB | 196 kB
Progress (2): 65 kB | 200 kB
Progress (2): 65 kB | 204 kB
Progress (2): 65 kB | 208 kB
Progress (2): 65 kB | 212 kB
Progress (2): 65 kB | 217 kB
Progress (2): 65 kB | 221 kB
Progress (2): 65 kB | 225 kB
Progress (2): 65 kB | 229 kB
Progress (2): 65 kB | 233 kB
Progress (2): 65 kB | 237 kB
Progress (2): 65 kB | 241 kB
Progress (2): 65 kB | 245 kB
Progress (2): 65 kB | 249 kB
Progress (2): 65 kB | 253 kB
Progress (2): 65 kB | 258 kB
Progress (2): 65 kB | 262 kB
Progress (2): 65 kB | 266 kB
Progress (2): 65 kB | 270 kB
Progress (2): 65 kB | 274 kB
Progress (2): 65 kB | 278 kB
Progress (2): 65 kB | 282 kB
Progress (2): 65 kB | 286 kB
Progress (2): 65 kB | 290 kB
Progress (2): 65 kB | 294 kB
Progress (2): 65 kB | 299 kB
Progress (2): 65 kB | 303 kB
Progress (2): 65 kB | 307 kB
Progress (2): 65 kB | 311 kB
Progress (2): 65 kB | 315 kB
Progress (2): 65 kB | 319 kB
Progress (2): 65 kB | 323 kB
Progress (2): 65 kB | 327 kB
Progress (2): 65 kB | 331 kB
Progress (2): 65 kB | 335 kB
Progress (2): 65 kB | 339 kB
Progress (2): 65 kB | 344 kB
Progress (2): 65 kB | 348 kB
Progress (2): 65 kB | 352 kB
Progress (2): 65 kB | 356 kB
Progress (2): 65 kB | 360 kB
Progress (2): 65 kB | 364 kB
Progress (2): 65 kB | 368 kB
Progress (2): 65 kB | 372 kB
Progress (2): 65 kB | 376 kB
Progress (2): 65 kB | 380 kB
Progress (2): 65 kB | 385 kB
Progress (2): 65 kB | 389 kB
Progress (2): 65 kB | 393 kB
Progress (2): 65 kB | 397 kB
Progress (2): 65 kB | 401 kB
Progress (2): 65 kB | 405 kB
Progress (2): 65 kB | 409 kB
Progress (2): 65 kB | 413 kB
Progress (2): 65 kB | 417 kB
Progress (2): 65 kB | 421 kB
Progress (2): 65 kB | 425 kB
Progress (2): 65 kB | 430 kB
Progress (2): 65 kB | 434 kB
Progress (2): 65 kB | 438 kB
Progress (2): 65 kB | 442 kB
Progress (2): 65 kB | 446 kB
Progress (2): 65 kB | 450 kB
Progress (2): 65 kB | 454 kB
Progress (2): 65 kB | 458 kB
Progress (2): 65 kB | 462 kB
Progress (2): 65 kB | 466 kB
Progress (2): 65 kB | 471 kB
Progress (2): 65 kB | 475 kB
Progress (2): 65 kB | 479 kB
Progress (2): 65 kB | 483 kB
Progress (2): 65 kB | 487 kB
Progress (2): 65 kB | 491 kB
Progress (2): 65 kB | 495 kB
Progress (2): 65 kB | 499 kB
Progress (2): 65 kB | 503 kB
Progress (2): 65 kB | 507 kB
Progress (2): 65 kB | 511 kB
Progress (2): 65 kB | 516 kB
Progress (2): 65 kB | 520 kB
Progress (2): 65 kB | 524 kB
Progress (2): 65 kB | 528 kB
Progress (2): 65 kB | 532 kB
Progress (2): 65 kB | 536 kB
Progress (2): 65 kB | 540 kB
Progress (2): 65 kB | 544 kB
Progress (2): 65 kB | 548 kB
Progress (2): 65 kB | 552 kB
Progress (2): 65 kB | 557 kB
Progress (2): 65 kB | 561 kB
Progress (2): 65 kB | 565 kB
Progress (2): 65 kB | 569 kB
Progress (2): 65 kB | 573 kB
Progress (2): 65 kB | 577 kB
Progress (2): 65 kB | 581 kB
Progress (2): 65 kB | 585 kB
Progress (3): 65 kB | 585 kB | 4.0 kB
Progress (3): 65 kB | 589 kB | 4.0 kB
Progress (3): 65 kB | 593 kB | 4.0 kB
Progress (3): 65 kB | 593 kB | 8.1 kB
Progress (3): 65 kB | 598 kB | 8.1 kB
Progress (3): 65 kB | 598 kB | 11 kB 
Progress (3): 65 kB | 602 kB | 11 kB
Progress (3): 65 kB | 606 kB | 11 kB
Progress (3): 65 kB | 610 kB | 11 kB
Progress (3): 65 kB | 614 kB | 11 kB
Progress (3): 65 kB | 618 kB | 11 kB
Progress (3): 65 kB | 622 kB | 11 kB
Progress (3): 65 kB | 626 kB | 11 kB
Progress (3): 65 kB | 630 kB | 11 kB
Progress (3): 65 kB | 634 kB | 11 kB
Progress (3): 65 kB | 635 kB | 11 kB
Progress (3): 65 kB | 635 kB | 14 kB
Progress (3): 65 kB | 635 kB | 17 kB
Progress (3): 65 kB | 635 kB | 19 kB
Progress (3): 65 kB | 635 kB | 23 kB
Progress (3): 65 kB | 635 kB | 28 kB
Progress (3): 65 kB | 635 kB | 32 kB
Progress (3): 65 kB | 635 kB | 36 kB
Progress (3): 65 kB | 635 kB | 39 kB
                                    
Downloaded from aiban-tianyin-core: https://aiban-maven.pkg.coding.net/repository/tianyin/core/io/netty/netty-codec-dns/4.1.70.Final/netty-codec-dns-4.1.70.Final.jar (65 kB at 98 kB/s)
Downloading from aiban-tianyin-core: https://aiban-maven.pkg.coding.net/repository/tianyin/core/io/netty/netty-codec-mqtt/4.1.70.Final/netty-codec-mqtt-4.1.70.Final.jar
Progress (2): 635 kB | 42 kB
Progress (2): 635 kB | 46 kB
Progress (2): 635 kB | 50 kB
Progress (2): 635 kB | 53 kB
Progress (2): 635 kB | 56 kB
Progress (2): 635 kB | 60 kB
Progress (2): 635 kB | 64 kB
Progress (2): 635 kB | 68 kB
Progress (2): 635 kB | 72 kB
Progress (2): 635 kB | 76 kB
Progress (2): 635 kB | 80 kB
Progress (2): 635 kB | 84 kB
Progress (2): 635 kB | 88 kB
Progress (2): 635 kB | 92 kB
Progress (2): 635 kB | 95 kB
Progress (2): 635 kB | 99 kB
Progress (2): 635 kB | 104 kB
Progress (2): 635 kB | 108 kB
Progress (2): 635 kB | 112 kB
Progress (2): 635 kB | 116 kB
Progress (2): 635 kB | 120 kB
Progress (2): 635 kB | 124 kB
Progress (2): 635 kB | 128 kB
Progress (2): 635 kB | 130 kB
Progress (2): 635 kB | 134 kB
Progress (2): 635 kB | 139 kB
Progress (2): 635 kB | 143 kB
Progress (2): 635 kB | 147 kB
Progress (3): 635 kB | 147 kB | 2.6 kB
Progress (3): 635 kB | 151 kB | 2.6 kB
Progress (4): 635 kB | 151 kB | 2.6 kB | 2.6 kB
Progress (4): 635 kB | 151 kB | 6.7 kB | 2.6 kB
Progress (4): 635 kB | 151 kB | 11 kB | 2.6 kB 
Progress (4): 635 kB | 151 kB | 14 kB | 2.6 kB
Progress (4): 635 kB | 151 kB | 14 kB | 6.7 kB
Progress (4): 635 kB | 155 kB | 14 kB | 6.7 kB
Progress (4): 635 kB | 155 kB | 14 kB | 9.7 kB
Progress (4): 635 kB | 159 kB | 14 kB | 9.7 kB
Progress (4): 635 kB | 159 kB | 14 kB | 12 kB 
Progress (4): 635 kB | 163 kB | 14 kB | 12 kB
Progress (4): 635 kB | 167 kB | 14 kB | 12 kB
Progress (4): 635 kB | 171 kB | 14 kB | 12 kB
Progress (4): 635 kB | 171 kB | 18 kB | 12 kB
Progress (4): 635 kB | 171 kB | 18 kB | 16 kB
Progress (4): 635 kB | 172 kB | 18 kB | 16 kB
Progress (4): 635 kB | 172 kB | 22 kB | 16 kB
Progress (4): 635 kB | 172 kB | 26 kB | 16 kB
Progress (4): 635 kB | 172 kB | 30 kB | 16 kB
Progress (4): 635 kB | 172 kB | 34 kB | 16 kB
Progress (4): 635 kB | 172 kB | 34 kB | 20 kB
Progress (4): 635 kB | 172 kB | 38 kB | 20 kB
Progress (4): 635 kB | 172 kB | 38 kB | 25 kB
Progress (4): 635 kB | 172 kB | 38 kB | 29 kB
Progress (4): 635 kB | 172 kB | 38 kB | 33 kB
Progress (4): 635 kB | 172 kB | 38 kB | 37 kB
Progress (4): 635 kB | 172 kB | 41 kB | 37 kB
Progress (4): 635 kB | 172 kB | 41 kB | 39 kB
Progress (4): 635 kB | 172 kB | 43 kB | 39 kB
Progress (4): 635 kB | 172 kB | 43 kB | 43 kB
Progress (4): 635 kB | 172 kB | 43 kB | 47 kB
Progress (4): 635 kB | 172 kB | 43 kB | 51 kB
Progress (4): 635 kB | 172 kB | 43 kB | 54 kB
Progress (4): 635 kB | 172 kB | 43 kB | 57 kB
Progress (4): 635 kB | 172 kB | 43 kB | 61 kB
Progress (4): 635 kB | 172 kB | 43 kB | 65 kB
Progress (4): 635 kB | 172 kB | 43 kB | 69 kB
Progress (4): 635 kB | 172 kB | 43 kB | 73 kB
Progress (4): 635 kB | 172 kB | 43 kB | 77 kB
Progress (4): 635 kB | 172 kB | 43 kB | 81 kB
Progress (4): 635 kB | 172 kB | 43 kB | 85 kB
Progress (4): 635 kB | 172 kB | 43 kB | 89 kB
Progress (4): 635 kB | 172 kB | 43 kB | 94 kB
Progress (4): 635 kB | 172 kB | 43 kB | 98 kB
Progress (4): 635 kB | 172 kB | 43 kB | 102 kB
Progress (4): 635 kB | 172 kB | 43 kB | 106 kB
Progress (4): 635 kB | 172 kB | 43 kB | 110 kB
Progress (4): 635 kB | 172 kB | 43 kB | 114 kB
Progress (4): 635 kB | 172 kB | 43 kB | 118 kB
Progress (4): 635 kB | 172 kB | 43 kB | 122 kB
Progress (4): 635 kB | 172 kB | 43 kB | 126 kB
Progress (4): 635 kB | 172 kB | 43 kB | 130 kB
Progress (4): 635 kB | 172 kB | 43 kB | 134 kB
Progress (4): 635 kB | 172 kB | 43 kB | 139 kB
Progress (4): 635 kB | 172 kB | 43 kB | 143 kB
Progress (4): 635 kB | 172 kB | 43 kB | 147 kB
Progress (4): 635 kB | 172 kB | 43 kB | 151 kB
Progress (4): 635 kB | 172 kB | 43 kB | 155 kB
Progress (4): 635 kB | 172 kB | 43 kB | 159 kB
Progress (4): 635 kB | 172 kB | 43 kB | 163 kB
Progress (4): 635 kB | 172 kB | 43 kB | 167 kB
Progress (4): 635 kB | 172 kB | 43 kB | 171 kB
Progress (4): 635 kB | 172 kB | 43 kB | 175 kB
Progress (4): 635 kB | 172 kB | 43 kB | 180 kB
Progress (4): 635 kB | 172 kB | 43 kB | 184 kB
Progress (4): 635 kB | 172 kB | 43 kB | 188 kB
Progress (4): 635 kB | 172 kB | 43 kB | 192 kB
Progress (4): 635 kB | 172 kB | 43 kB | 196 kB
Progress (4): 635 kB | 172 kB | 43 kB | 200 kB
Progress (4): 635 kB | 172 kB | 43 kB | 204 kB
Progress (4): 635 kB | 172 kB | 43 kB | 208 kB
Progress (4): 635 kB | 172 kB | 43 kB | 212 kB
Progress (4): 635 kB | 172 kB | 43 kB | 216 kB
Progress (4): 635 kB | 172 kB | 43 kB | 221 kB
Progress (4): 635 kB | 172 kB | 43 kB | 225 kB
Progress (4): 635 kB | 172 kB | 43 kB | 229 kB
Progress (4): 635 kB | 172 kB | 43 kB | 233 kB
Progress (4): 635 kB | 172 kB | 43 kB | 237 kB
Progress (4): 635 kB | 172 kB | 43 kB | 241 kB
Progress (4): 635 kB | 172 kB | 43 kB | 245 kB
Progress (4): 635 kB | 172 kB | 43 kB | 249 kB
Progress (4): 635 kB | 172 kB | 43 kB | 253 kB
Progress (4): 635 kB | 172 kB | 43 kB | 257 kB
Progress (4): 635 kB | 172 kB | 43 kB | 261 kB
Progress (4): 635 kB | 172 kB | 43 kB | 266 kB
Progress (4): 635 kB | 172 kB | 43 kB | 270 kB
Progress (4): 635 kB | 172 kB | 43 kB | 274 kB
Progress (4): 635 kB | 172 kB | 43 kB | 278 kB
Progress (4): 635 kB | 172 kB | 43 kB | 282 kB
Progress (4): 635 kB | 172 kB | 43 kB | 286 kB
Progress (4): 635 kB | 172 kB | 43 kB | 290 kB
Progress (4): 635 kB | 172 kB | 43 kB | 294 kB
Progress (4): 635 kB | 172 kB | 43 kB | 298 kB
Progress (4): 635 kB | 172 kB | 43 kB | 302 kB
Progress (4): 635 kB | 172 kB | 43 kB | 307 kB
Progress (4): 635 kB | 172 kB | 43 kB | 311 kB
Progress (4): 635 kB | 172 kB | 43 kB | 315 kB
Progress (4): 635 kB | 172 kB | 43 kB | 319 kB
Progress (4): 635 kB | 172 kB | 43 kB | 323 kB
Progress (4): 635 kB | 172 kB | 43 kB | 327 kB
Progress (4): 635 kB | 172 kB | 43 kB | 331 kB
Progress (4): 635 kB | 172 kB | 43 kB | 335 kB
Progress (4): 635 kB | 172 kB | 43 kB | 339 kB
Progress (4): 635 kB | 172 kB | 43 kB | 343 kB
Progress (4): 635 kB | 172 kB | 43 kB | 347 kB
Progress (4): 635 kB | 172 kB | 43 kB | 352 kB
Progress (4): 635 kB | 172 kB | 43 kB | 356 kB
Progress (4): 635 kB | 172 kB | 43 kB | 360 kB
Progress (4): 635 kB | 172 kB | 43 kB | 364 kB
Progress (4): 635 kB | 172 kB | 43 kB | 368 kB
Progress (4): 635 kB | 172 kB | 43 kB | 372 kB
Progress (4): 635 kB | 172 kB | 43 kB | 376 kB
Progress (4): 635 kB | 172 kB | 43 kB | 380 kB
Progress (4): 635 kB | 172 kB | 43 kB | 384 kB
Progress (4): 635 kB | 172 kB | 43 kB | 388 kB
Progress (4): 635 kB | 172 kB | 43 kB | 393 kB
Progress (4): 635 kB | 172 kB | 43 kB | 397 kB
Progress (4): 635 kB | 172 kB | 43 kB | 401 kB
Progress (4): 635 kB | 172 kB | 43 kB | 405 kB
Progress (4): 635 kB | 172 kB | 43 kB | 409 kB
Progress (4): 635 kB | 172 kB | 43 kB | 413 kB
Progress (4): 635 kB | 172 kB | 43 kB | 417 kB
Progress (4): 635 kB | 172 kB | 43 kB | 421 kB
Progress (4): 635 kB | 172 kB | 43 kB | 425 kB
Progress (4): 635 kB | 172 kB | 43 kB | 429 kB
Progress (4): 635 kB | 172 kB | 43 kB | 433 kB
Progress (4): 635 kB | 172 kB | 43 kB | 438 kB
Progress (4): 635 kB | 172 kB | 43 kB | 442 kB
Progress (4): 635 kB | 172 kB | 43 kB | 446 kB
Progress (4): 635 kB | 172 kB | 43 kB | 450 kB
Progress (4): 635 kB | 172 kB | 43 kB | 454 kB
Progress (4): 635 kB | 172 kB | 43 kB | 458 kB
Progress (4): 635 kB | 172 kB | 43 kB | 462 kB
Progress (4): 635 kB | 172 kB | 43 kB | 466 kB
Progress (4): 635 kB | 172 kB | 43 kB | 470 kB
Progress (4): 635 kB | 172 kB | 43 kB | 471 kB
                                              
Downloaded from aiban-tianyin-core: https://aiban-maven.pkg.coding.net/repository/tianyin/core/io/netty/netty-codec-http/4.1.70.Final/netty-codec-http-4.1.70.Final.jar (635 kB at 812 kB/s)
Downloading from aiban-tianyin-core: https://aiban-maven.pkg.coding.net/repository/tianyin/core/io/netty/netty-codec-redis/4.1.70.Final/netty-codec-redis-4.1.70.Final.jar
Downloaded from aiban-tianyin-core: https://aiban-maven.pkg.coding.net/repository/tianyin/core/io/netty/netty-codec-memcache/4.1.70.Final/netty-codec-memcache-4.1.70.Final.jar (43 kB at 53 kB/s)
Downloading from aiban-tianyin-core: https://aiban-maven.pkg.coding.net/repository/tianyin/core/io/netty/netty-codec-smtp/4.1.70.Final/netty-codec-smtp-4.1.70.Final.jar
Downloaded from aiban-tianyin-core: https://aiban-maven.pkg.coding.net/repository/tianyin/core/cn/jpush/api/jpush-client/3.6.1/jpush-client-3.6.1.jar (172 kB at 197 kB/s)
Downloading from aiban-tianyin-core: https://aiban-maven.pkg.coding.net/repository/tianyin/core/io/netty/netty-codec-socks/4.1.70.Final/netty-codec-socks-4.1.70.Final.jar
Downloaded from aiban-tianyin-core: https://aiban-maven.pkg.coding.net/repository/tianyin/core/io/netty/netty-codec-http2/4.1.70.Final/netty-codec-http2-4.1.70.Final.jar (471 kB at 529 kB/s)
Downloading from aiban-tianyin-core: https://aiban-maven.pkg.coding.net/repository/tianyin/core/io/netty/netty-codec-stomp/4.1.70.Final/netty-codec-stomp-4.1.70.Final.jar
Progress (1): 4.0 kB
Progress (1): 8.1 kB
Progress (1): 12 kB 
Progress (1): 15 kB
Progress (1): 19 kB
Progress (1): 23 kB
Progress (1): 27 kB
Progress (1): 32 kB
Progress (1): 36 kB
Progress (1): 40 kB
Progress (1): 42 kB
Progress (1): 45 kB
Progress (1): 49 kB
Progress (1): 53 kB
Progress (1): 57 kB
Progress (1): 61 kB
Progress (1): 65 kB
Progress (1): 69 kB
Progress (1): 74 kB
Progress (1): 78 kB
Progress (1): 82 kB
Progress (1): 86 kB
Progress (1): 90 kB
Progress (1): 94 kB
Progress (1): 98 kB
Progress (1): 100 kB
Progress (2): 100 kB | 4.1 kB
Progress (3): 100 kB | 4.1 kB | 4.0 kB
Progress (3): 100 kB | 8.2 kB | 4.0 kB
Progress (3): 100 kB | 8.2 kB | 8.1 kB
Progress (3): 100 kB | 12 kB | 8.1 kB 
Progress (3): 100 kB | 12 kB | 12 kB 
Progress (3): 100 kB | 16 kB | 12 kB
Progress (3): 100 kB | 20 kB | 12 kB
Progress (3): 100 kB | 20 kB | 15 kB
Progress (3): 100 kB | 20 kB | 18 kB
Progress (3): 100 kB | 20 kB | 22 kB
Progress (3): 100 kB | 20 kB | 25 kB
Progress (3): 100 kB | 20 kB | 29 kB
Progress (3): 100 kB | 20 kB | 33 kB
Progress (4): 100 kB | 20 kB | 33 kB | 4.0 kB
Progress (4): 100 kB | 20 kB | 37 kB | 4.0 kB
Progress (4): 100 kB | 20 kB | 37 kB | 8.1 kB
Progress (4): 100 kB | 20 kB | 41 kB | 8.1 kB
Progress (4): 100 kB | 20 kB | 41 kB | 11 kB 
Progress (4): 100 kB | 20 kB | 41 kB | 14 kB
Progress (4): 100 kB | 20 kB | 45 kB | 14 kB
Progress (4): 100 kB | 20 kB | 45 kB | 17 kB
Progress (4): 100 kB | 20 kB | 49 kB | 17 kB
Progress (4): 100 kB | 20 kB | 49 kB | 19 kB
Progress (4): 100 kB | 20 kB | 54 kB | 19 kB
Progress (4): 100 kB | 20 kB | 54 kB | 23 kB
Progress (4): 100 kB | 20 kB | 58 kB | 23 kB
Progress (4): 100 kB | 20 kB | 58 kB | 28 kB
Progress (4): 100 kB | 20 kB | 62 kB | 28 kB
Progress (4): 100 kB | 20 kB | 62 kB | 29 kB
Progress (4): 100 kB | 20 kB | 64 kB | 29 kB
Progress (4): 100 kB | 20 kB | 67 kB | 29 kB
Progress (4): 100 kB | 20 kB | 70 kB | 29 kB
Progress (4): 100 kB | 20 kB | 72 kB | 29 kB
Progress (4): 100 kB | 20 kB | 77 kB | 29 kB
Progress (4): 100 kB | 20 kB | 81 kB | 29 kB
Progress (4): 100 kB | 20 kB | 85 kB | 29 kB
Progress (4): 100 kB | 20 kB | 89 kB | 29 kB
Progress (4): 100 kB | 20 kB | 91 kB | 29 kB
Progress (4): 100 kB | 20 kB | 95 kB | 29 kB
Progress (4): 100 kB | 20 kB | 99 kB | 29 kB
Progress (5): 100 kB | 20 kB | 99 kB | 29 kB | 2.6 kB
Progress (5): 100 kB | 20 kB | 102 kB | 29 kB | 2.6 kB
Progress (5): 100 kB | 20 kB | 105 kB | 29 kB | 2.6 kB
Progress (5): 100 kB | 20 kB | 105 kB | 29 kB | 6.7 kB
Progress (5): 100 kB | 20 kB | 108 kB | 29 kB | 6.7 kB
Progress (5): 100 kB | 20 kB | 108 kB | 29 kB | 11 kB 
Progress (5): 100 kB | 20 kB | 112 kB | 29 kB | 11 kB
Progress (5): 100 kB | 20 kB | 115 kB | 29 kB | 11 kB
Progress (5): 100 kB | 20 kB | 115 kB | 29 kB | 14 kB
Progress (5): 100 kB | 20 kB | 115 kB | 29 kB | 17 kB
Progress (5): 100 kB | 20 kB | 115 kB | 29 kB | 21 kB
Progress (5): 100 kB | 20 kB | 115 kB | 29 kB | 25 kB
Progress (5): 100 kB | 20 kB | 115 kB | 29 kB | 29 kB
Progress (5): 100 kB | 20 kB | 115 kB | 29 kB | 33 kB
Progress (5): 100 kB | 20 kB | 115 kB | 29 kB | 36 kB
Progress (5): 100 kB | 20 kB | 115 kB | 29 kB | 40 kB
Progress (5): 100 kB | 20 kB | 115 kB | 29 kB | 43 kB
Progress (5): 100 kB | 20 kB | 119 kB | 29 kB | 43 kB
Progress (5): 100 kB | 20 kB | 119 kB | 29 kB | 45 kB
Progress (5): 100 kB | 20 kB | 119 kB | 29 kB | 45 kB
                                                     
Downloaded from aiban-tianyin-core: https://aiban-maven.pkg.coding.net/repository/tianyin/core/io/netty/netty-codec-smtp/4.1.70.Final/netty-codec-smtp-4.1.70.Final.jar (20 kB at 17 kB/s)
Downloading from aiban-tianyin-core: https://aiban-maven.pkg.coding.net/repository/tianyin/core/io/netty/netty-codec-xml/4.1.70.Final/netty-codec-xml-4.1.70.Final.jar
Downloaded from aiban-tianyin-core: https://aiban-maven.pkg.coding.net/repository/tianyin/core/io/netty/netty-codec-mqtt/4.1.70.Final/netty-codec-mqtt-4.1.70.Final.jar (100 kB at 85 kB/s)
Downloading from aiban-tianyin-core: https://aiban-maven.pkg.coding.net/repository/tianyin/core/io/netty/netty-handler-proxy/4.1.70.Final/netty-handler-proxy-4.1.70.Final.jar
Downloaded from aiban-tianyin-core: https://aiban-maven.pkg.coding.net/repository/tianyin/core/io/netty/netty-codec-stomp/4.1.70.Final/netty-codec-stomp-4.1.70.Final.jar (29 kB at 25 kB/s)
Downloading from aiban-tianyin-core: https://aiban-maven.pkg.coding.net/repository/tianyin/core/io/netty/netty-resolver-dns/4.1.70.Final/netty-resolver-dns-4.1.70.Final.jar
Downloaded from aiban-tianyin-core: https://aiban-maven.pkg.coding.net/repository/tianyin/core/io/netty/netty-codec-socks/4.1.70.Final/netty-codec-socks-4.1.70.Final.jar (119 kB at 99 kB/s)
Downloading from aiban-tianyin-core: https://aiban-maven.pkg.coding.net/repository/tianyin/core/io/netty/netty-transport-rxtx/4.1.70.Final/netty-transport-rxtx-4.1.70.Final.jar
Downloaded from aiban-tianyin-core: https://aiban-maven.pkg.coding.net/repository/tianyin/core/io/netty/netty-codec-redis/4.1.70.Final/netty-codec-redis-4.1.70.Final.jar (45 kB at 37 kB/s)
Downloading from aiban-tianyin-core: https://aiban-maven.pkg.coding.net/repository/tianyin/core/io/netty/netty-transport-sctp/4.1.70.Final/netty-transport-sctp-4.1.70.Final.jar
Progress (1): 2.6 kB
Progress (1): 5.4 kB
Progress (1): 9.5 kB
Progress (1): 12 kB 
Progress (1): 15 kB
Progress (1): 18 kB
Progress (1): 18 kB
Progress (2): 18 kB | 2.6 kB
Progress (2): 18 kB | 6.7 kB
Progress (2): 18 kB | 9.7 kB
Progress (2): 18 kB | 13 kB 
Progress (2): 18 kB | 15 kB
Progress (2): 18 kB | 18 kB
Progress (2): 18 kB | 21 kB
Progress (2): 18 kB | 24 kB
Progress (3): 18 kB | 24 kB | 4.1 kB
Progress (3): 18 kB | 24 kB | 8.2 kB
Progress (3): 18 kB | 24 kB | 11 kB 
Progress (3): 18 kB | 24 kB | 14 kB
Progress (3): 18 kB | 24 kB | 18 kB
Progress (3): 18 kB | 24 kB | 22 kB
Progress (3): 18 kB | 24 kB | 26 kB
Progress (3): 18 kB | 24 kB | 30 kB
Progress (3): 18 kB | 24 kB | 34 kB
Progress (3): 18 kB | 24 kB | 38 kB
Progress (3): 18 kB | 24 kB | 40 kB
Progress (3): 18 kB | 24 kB | 44 kB
Progress (3): 18 kB | 24 kB | 49 kB
Progress (3): 18 kB | 24 kB | 53 kB
Progress (3): 18 kB | 24 kB | 56 kB
Progress (3): 18 kB | 24 kB | 60 kB
Progress (3): 18 kB | 24 kB | 64 kB
Progress (3): 18 kB | 24 kB | 67 kB
Progress (3): 18 kB | 24 kB | 70 kB
Progress (3): 18 kB | 24 kB | 72 kB
Progress (3): 18 kB | 24 kB | 75 kB
Progress (3): 18 kB | 24 kB | 79 kB
Progress (3): 18 kB | 24 kB | 84 kB
Progress (3): 18 kB | 24 kB | 88 kB
Progress (3): 18 kB | 24 kB | 91 kB
Progress (3): 18 kB | 24 kB | 95 kB
Progress (3): 18 kB | 24 kB | 99 kB
Progress (3): 18 kB | 24 kB | 103 kB
Progress (3): 18 kB | 24 kB | 106 kB
Progress (3): 18 kB | 24 kB | 109 kB
Progress (3): 18 kB | 24 kB | 113 kB
Progress (3): 18 kB | 24 kB | 116 kB
Progress (3): 18 kB | 24 kB | 119 kB
Progress (3): 18 kB | 24 kB | 123 kB
Progress (3): 18 kB | 24 kB | 127 kB
Progress (3): 18 kB | 24 kB | 131 kB
Progress (3): 18 kB | 24 kB | 135 kB
Progress (3): 18 kB | 24 kB | 139 kB
Progress (3): 18 kB | 24 kB | 144 kB
Progress (3): 18 kB | 24 kB | 148 kB
Progress (3): 18 kB | 24 kB | 152 kB
Progress (3): 18 kB | 24 kB | 155 kB
Progress (4): 18 kB | 24 kB | 155 kB | 2.6 kB
Progress (4): 18 kB | 24 kB | 155 kB | 5.4 kB
Progress (4): 18 kB | 24 kB | 155 kB | 9.5 kB
Progress (4): 18 kB | 24 kB | 155 kB | 12 kB 
Progress (4): 18 kB | 24 kB | 155 kB | 15 kB
Progress (4): 18 kB | 24 kB | 155 kB | 18 kB
Progress (4): 18 kB | 24 kB | 155 kB | 22 kB
Progress (4): 18 kB | 24 kB | 155 kB | 25 kB
Progress (4): 18 kB | 24 kB | 155 kB | 28 kB
Progress (4): 18 kB | 24 kB | 155 kB | 32 kB
Progress (4): 18 kB | 24 kB | 155 kB | 35 kB
Progress (4): 18 kB | 24 kB | 155 kB | 38 kB
Progress (4): 18 kB | 24 kB | 155 kB | 41 kB
Progress (4): 18 kB | 24 kB | 155 kB | 43 kB
Progress (4): 18 kB | 24 kB | 155 kB | 47 kB
Progress (4): 18 kB | 24 kB | 155 kB | 49 kB
Progress (5): 18 kB | 24 kB | 155 kB | 49 kB | 2.6 kB
Progress (5): 18 kB | 24 kB | 155 kB | 49 kB | 6.7 kB
Progress (5): 18 kB | 24 kB | 155 kB | 49 kB | 11 kB 
Progress (5): 18 kB | 24 kB | 155 kB | 49 kB | 14 kB
Progress (5): 18 kB | 24 kB | 155 kB | 49 kB | 17 kB
Progress (5): 18 kB | 24 kB | 155 kB | 49 kB | 18 kB
                                                    
Downloaded from aiban-tianyin-core: https://aiban-maven.pkg.coding.net/repository/tianyin/core/io/netty/netty-codec-xml/4.1.70.Final/netty-codec-xml-4.1.70.Final.jar (18 kB at 13 kB/s)
Downloading from aiban-tianyin-core: https://aiban-maven.pkg.coding.net/repository/tianyin/core/io/netty/netty-transport-udt/4.1.70.Final/netty-transport-udt-4.1.70.Final.jar
Downloaded from aiban-tianyin-core: https://aiban-maven.pkg.coding.net/repository/tianyin/core/io/netty/netty-handler-proxy/4.1.70.Final/netty-handler-proxy-4.1.70.Final.jar (24 kB at 17 kB/s)
Downloading from aiban-tianyin-core: https://aiban-maven.pkg.coding.net/repository/tianyin/core/io/netty/netty-transport-classes-kqueue/4.1.70.Final/netty-transport-classes-kqueue-4.1.70.Final.jar
Downloaded from aiban-tianyin-core: https://aiban-maven.pkg.coding.net/repository/tianyin/core/io/netty/netty-resolver-dns/4.1.70.Final/netty-resolver-dns-4.1.70.Final.jar (155 kB at 106 kB/s)
Downloading from aiban-tianyin-core: https://aiban-maven.pkg.coding.net/repository/tianyin/core/io/netty/netty-resolver-dns-classes-macos/4.1.70.Final/netty-resolver-dns-classes-macos-4.1.70.Final.jar
Downloaded from aiban-tianyin-core: https://aiban-maven.pkg.coding.net/repository/tianyin/core/io/netty/netty-transport-sctp/4.1.70.Final/netty-transport-sctp-4.1.70.Final.jar (49 kB at 33 kB/s)
Downloading from aiban-tianyin-core: https://aiban-maven.pkg.coding.net/repository/tianyin/core/io/netty/netty-transport-native-epoll/4.1.70.Final/netty-transport-native-epoll-4.1.70.Final-linux-x86_64.jar
Downloaded from aiban-tianyin-core: https://aiban-maven.pkg.coding.net/repository/tianyin/core/io/netty/netty-transport-rxtx/4.1.70.Final/netty-transport-rxtx-4.1.70.Final.jar (18 kB at 12 kB/s)
Downloading from aiban-tianyin-core: https://aiban-maven.pkg.coding.net/repository/tianyin/core/io/netty/netty-transport-native-epoll/4.1.70.Final/netty-transport-native-epoll-4.1.70.Final-linux-aarch_64.jar
Progress (1): 3.9 kB
Progress (1): 6.7 kB
Progress (1): 9.6 kB
Progress (1): 12 kB 
Progress (1): 17 kB
Progress (1): 21 kB
Progress (1): 25 kB
Progress (1): 29 kB
Progress (1): 32 kB
Progress (2): 32 kB | 2.6 kB
Progress (2): 32 kB | 6.7 kB
Progress (2): 32 kB | 9.1 kB
Progress (3): 32 kB | 9.1 kB | 4.0 kB
Progress (3): 32 kB | 9.1 kB | 8.1 kB
Progress (3): 32 kB | 9.1 kB | 12 kB 
Progress (3): 32 kB | 9.1 kB | 16 kB
Progress (3): 32 kB | 9.1 kB | 19 kB
Progress (3): 32 kB | 9.1 kB | 24 kB
Progress (3): 32 kB | 9.1 kB | 28 kB
Progress (3): 32 kB | 9.1 kB | 32 kB
Progress (3): 32 kB | 9.1 kB | 35 kB
Progress (3): 32 kB | 9.1 kB | 36 kB
Progress (4): 32 kB | 9.1 kB | 36 kB | 2.5 kB
Progress (4): 32 kB | 9.1 kB | 36 kB | 5.3 kB
Progress (4): 32 kB | 9.1 kB | 36 kB | 9.4 kB
Progress (4): 32 kB | 9.1 kB | 36 kB | 12 kB 
Progress (4): 32 kB | 9.1 kB | 36 kB | 15 kB
Progress (4): 32 kB | 9.1 kB | 36 kB | 19 kB
Progress (4): 32 kB | 9.1 kB | 36 kB | 22 kB
                                            
Downloaded from aiban-tianyin-core: https://aiban-maven.pkg.coding.net/repository/tianyin/core/io/netty/netty-transport-udt/4.1.70.Final/netty-transport-udt-4.1.70.Final.jar (32 kB at 19 kB/s)
Progress (3): 9.1 kB | 36 kB | 26 kB
                                    
Downloading from aiban-tianyin-core: https://aiban-maven.pkg.coding.net/repository/tianyin/core/io/netty/netty-transport-native-kqueue/4.1.70.Final/netty-transport-native-kqueue-4.1.70.Final-osx-x86_64.jar
Progress (3): 9.1 kB | 36 kB | 30 kB
Progress (3): 9.1 kB | 36 kB | 34 kB
Progress (3): 9.1 kB | 36 kB | 37 kB
Progress (3): 9.1 kB | 36 kB | 38 kB
Progress (4): 9.1 kB | 36 kB | 38 kB | 2.6 kB
Progress (4): 9.1 kB | 36 kB | 38 kB | 5.4 kB
Progress (4): 9.1 kB | 36 kB | 38 kB | 9.5 kB
Progress (4): 9.1 kB | 36 kB | 38 kB | 14 kB 
Progress (4): 9.1 kB | 36 kB | 38 kB | 18 kB
Progress (4): 9.1 kB | 36 kB | 38 kB | 22 kB
Progress (4): 9.1 kB | 36 kB | 38 kB | 26 kB
Progress (4): 9.1 kB | 36 kB | 38 kB | 30 kB
Progress (4): 9.1 kB | 36 kB | 38 kB | 34 kB
Progress (4): 9.1 kB | 36 kB | 38 kB | 38 kB
Progress (4): 9.1 kB | 36 kB | 38 kB | 42 kB
Progress (4): 9.1 kB | 36 kB | 38 kB | 46 kB
Progress (4): 9.1 kB | 36 kB | 38 kB | 50 kB
Progress (4): 9.1 kB | 36 kB | 38 kB | 54 kB
Progress (4): 9.1 kB | 36 kB | 38 kB | 58 kB
Progress (4): 9.1 kB | 36 kB | 38 kB | 62 kB
Progress (4): 9.1 kB | 36 kB | 38 kB | 66 kB
Progress (4): 9.1 kB | 36 kB | 38 kB | 69 kB
Progress (4): 9.1 kB | 36 kB | 38 kB | 73 kB
Progress (4): 9.1 kB | 36 kB | 38 kB | 75 kB
Progress (4): 9.1 kB | 36 kB | 38 kB | 80 kB
Progress (4): 9.1 kB | 36 kB | 38 kB | 84 kB
Progress (4): 9.1 kB | 36 kB | 38 kB | 88 kB
Progress (4): 9.1 kB | 36 kB | 38 kB | 92 kB
Progress (4): 9.1 kB | 36 kB | 38 kB | 94 kB
Progress (4): 9.1 kB | 36 kB | 38 kB | 97 kB
Progress (4): 9.1 kB | 36 kB | 38 kB | 100 kB
Progress (4): 9.1 kB | 36 kB | 38 kB | 102 kB
Progress (4): 9.1 kB | 36 kB | 38 kB | 105 kB
Progress (4): 9.1 kB | 36 kB | 38 kB | 107 kB
                                             
Downloaded from aiban-tianyin-core: https://aiban-maven.pkg.coding.net/repository/tianyin/core/io/netty/netty-resolver-dns-classes-macos/4.1.70.Final/netty-resolver-dns-classes-macos-4.1.70.Final.jar (9.1 kB at 5.1 kB/s)
Downloading from aiban-tianyin-core: https://aiban-maven.pkg.coding.net/repository/tianyin/core/io/netty/netty-transport-native-kqueue/4.1.70.Final/netty-transport-native-kqueue-4.1.70.Final-osx-aarch_64.jar
Downloaded from aiban-tianyin-core: https://aiban-maven.pkg.coding.net/repository/tianyin/core/io/netty/netty-transport-native-epoll/4.1.70.Final/netty-transport-native-epoll-4.1.70.Final-linux-x86_64.jar (36 kB at 20 kB/s)
Downloading from aiban-tianyin-core: https://aiban-maven.pkg.coding.net/repository/tianyin/core/io/netty/netty-resolver-dns-native-macos/4.1.70.Final/netty-resolver-dns-native-macos-4.1.70.Final-osx-x86_64.jar
Downloaded from aiban-tianyin-core: https://aiban-maven.pkg.coding.net/repository/tianyin/core/io/netty/netty-transport-native-epoll/4.1.70.Final/netty-transport-native-epoll-4.1.70.Final-linux-aarch_64.jar (38 kB at 20 kB/s)
Downloaded from aiban-tianyin-core: https://aiban-maven.pkg.coding.net/repository/tianyin/core/io/netty/netty-transport-classes-kqueue/4.1.70.Final/netty-transport-classes-kqueue-4.1.70.Final.jar (107 kB at 56 kB/s)
Downloading from aiban-tianyin-core: https://aiban-maven.pkg.coding.net/repository/tianyin/core/io/netty/netty-resolver-dns-native-macos/4.1.70.Final/netty-resolver-dns-native-macos-4.1.70.Final-osx-aarch_64.jar
Progress (1): 2.6 kB
Progress (1): 6.7 kB
Progress (1): 11 kB 
Progress (1): 15 kB
Progress (1): 19 kB
Progress (1): 23 kB
Progress (1): 25 kB
Progress (2): 25 kB | 3.8 kB
Progress (2): 25 kB | 7.9 kB
Progress (2): 25 kB | 11 kB 
Progress (2): 25 kB | 14 kB
Progress (2): 25 kB | 17 kB
Progress (2): 25 kB | 21 kB
Progress (2): 25 kB | 24 kB
Progress (3): 25 kB | 24 kB | 2.6 kB
Progress (3): 25 kB | 24 kB | 6.7 kB
Progress (3): 25 kB | 24 kB | 11 kB 
Progress (3): 25 kB | 24 kB | 14 kB
Progress (3): 25 kB | 24 kB | 17 kB
Progress (3): 25 kB | 24 kB | 18 kB
                                   
Downloaded from aiban-tianyin-core: https://aiban-maven.pkg.coding.net/repository/tianyin/core/io/netty/netty-transport-native-kqueue/4.1.70.Final/netty-transport-native-kqueue-4.1.70.Final-osx-x86_64.jar (25 kB at 12 kB/s)
Progress (3): 24 kB | 18 kB | 4.1 kB
Progress (3): 24 kB | 18 kB | 8.2 kB
Progress (3): 24 kB | 18 kB | 11 kB 
Progress (3): 24 kB | 18 kB | 14 kB
Progress (3): 24 kB | 18 kB | 17 kB
Progress (3): 24 kB | 18 kB | 18 kB
                                   
Downloaded from aiban-tianyin-core: https://aiban-maven.pkg.coding.net/repository/tianyin/core/io/netty/netty-transport-native-kqueue/4.1.70.Final/netty-transport-native-kqueue-4.1.70.Final-osx-aarch_64.jar (24 kB at 11 kB/s)
Downloaded from aiban-tianyin-core: https://aiban-maven.pkg.coding.net/repository/tianyin/core/io/netty/netty-resolver-dns-native-macos/4.1.70.Final/netty-resolver-dns-native-macos-4.1.70.Final-osx-aarch_64.jar (18 kB at 8.2 kB/s)
Downloaded from aiban-tianyin-core: https://aiban-maven.pkg.coding.net/repository/tianyin/core/io/netty/netty-resolver-dns-native-macos/4.1.70.Final/netty-resolver-dns-native-macos-4.1.70.Final-osx-x86_64.jar (18 kB at 8.1 kB/s)
[[1;34mINFO[m] 
[[1;34mINFO[m] [1m--- [0;32mmaven-clean-plugin:3.1.0:clean[m [1m(default-clean)[m @ [36mjpush-spring-boot-starter[0;1m ---[m
[[1;34mINFO[m] 
[[1;34mINFO[m] [1m--- [0;32mmaven-enforcer-plugin:3.0.0:enforce[m [1m(default-cli)[m @ [36mjpush-spring-boot-starter[0;1m ---[m
[[1;34mINFO[m] 
[[1;34mINFO[m] [1m--- [0;32mmaven-resources-plugin:3.1.0:resources[m [1m(default-resources)[m @ [36mjpush-spring-boot-starter[0;1m ---[m
[[1;34mINFO[m] Using 'UTF-8' encoding to copy filtered resources.
[[1;34mINFO[m] Copying 0 resource
[[1;34mINFO[m] Copying 2 resources
[[1;34mINFO[m] 
[[1;34mINFO[m] [1m--- [0;32mmaven-compiler-plugin:3.8.1:compile[m [1m(default-compile)[m @ [36mjpush-spring-boot-starter[0;1m ---[m
[[1;34mINFO[m] Changes detected - recompiling the module!
[[1;34mINFO[m] Compiling 7 source files to /Users/wandl/workspaces/workspace-ddd4j/workspace-ddd4j-boot-starters/jpush-spring-boot-starter/target/classes
[[1;34mINFO[m] [1m------------------------------------------------------------------------[m
[[1;34mINFO[m] [1;31mBUILD FAILURE[m
[[1;34mINFO[m] [1m------------------------------------------------------------------------[m
[[1;34mINFO[m] Total time:  12.077 s
[[1;34mINFO[m] Finished at: 2026-03-16T14:02:48+08:00
[[1;34mINFO[m] [1m------------------------------------------------------------------------[m
[[1;31mERROR[m] Failed to execute goal [32morg.apache.maven.plugins:maven-compiler-plugin:3.8.1:compile[m [1m(default-compile)[m on project [36mjpush-spring-boot-starter[m: [1;31mFatal error compiling[m: java.lang.NoSuchFieldError: Class com.sun.tools.javac.tree.JCTree$JCImport does not have member field 'com.sun.tools.javac.tree.JCTree qualid' -> [1m[Help 1][m
[[1;31mERROR[m] 
[[1;31mERROR[m] To see the full stack trace of the errors, re-run Maven with the [1m-e[m switch.
[[1;31mERROR[m] Re-run Maven using the [1m-X[m switch to enable full debug logging.
[[1;31mERROR[m] 
[[1;31mERROR[m] For more information about the errors and possible solutions, please read the following articles:
[[1;31mERROR[m] [1m[Help 1][m http://cwiki.apache.org/confluence/display/MAVEN/MojoExecutionException
[jpush-spring-boot-starter/master] 失败 - 查看日志
